Archive member included to satisfy reference by file (symbol)

/opt/st/stm32cubeclt_1.19.0/GNU-tools-for-STM32/bin/../lib/gcc/arm-none-eabi/13.3.1/../../../../arm-none-eabi/lib/thumb/v7e-m+fp/hard/libc_nano.a(libc_a-exit.o)
                              /opt/st/stm32cubeclt_1.19.0/GNU-tools-for-STM32/bin/../lib/gcc/arm-none-eabi/13.3.1/../../../../arm-none-eabi/lib/thumb/v7e-m+fp/hard/crt0.o (exit)
/opt/st/stm32cubeclt_1.19.0/GNU-tools-for-STM32/bin/../lib/gcc/arm-none-eabi/13.3.1/../../../../arm-none-eabi/lib/thumb/v7e-m+fp/hard/libc_nano.a(libc_a-findfp.o)
                              /opt/st/stm32cubeclt_1.19.0/GNU-tools-for-STM32/bin/../lib/gcc/arm-none-eabi/13.3.1/../../../../arm-none-eabi/lib/thumb/v7e-m+fp/hard/libc_nano.a(libc_a-exit.o) (__stdio_exit_handler)
/opt/st/stm32cubeclt_1.19.0/GNU-tools-for-STM32/bin/../lib/gcc/arm-none-eabi/13.3.1/../../../../arm-none-eabi/lib/thumb/v7e-m+fp/hard/libc_nano.a(libc_a-fwalk.o)
                              /opt/st/stm32cubeclt_1.19.0/GNU-tools-for-STM32/bin/../lib/gcc/arm-none-eabi/13.3.1/../../../../arm-none-eabi/lib/thumb/v7e-m+fp/hard/libc_nano.a(libc_a-findfp.o) (_fwalk_sglue)
/opt/st/stm32cubeclt_1.19.0/GNU-tools-for-STM32/bin/../lib/gcc/arm-none-eabi/13.3.1/../../../../arm-none-eabi/lib/thumb/v7e-m+fp/hard/libc_nano.a(libc_a-snprintf.o)
                              CMakeFiles/UART_CAR.dir/Core/Src/Utility.c.obj (snprintf)
/opt/st/stm32cubeclt_1.19.0/GNU-tools-for-STM32/bin/../lib/gcc/arm-none-eabi/13.3.1/../../../../arm-none-eabi/lib/thumb/v7e-m+fp/hard/libc_nano.a(libc_a-stdio.o)
                              /opt/st/stm32cubeclt_1.19.0/GNU-tools-for-STM32/bin/../lib/gcc/arm-none-eabi/13.3.1/../../../../arm-none-eabi/lib/thumb/v7e-m+fp/hard/libc_nano.a(libc_a-findfp.o) (__sread)
/opt/st/stm32cubeclt_1.19.0/GNU-tools-for-STM32/bin/../lib/gcc/arm-none-eabi/13.3.1/../../../../arm-none-eabi/lib/thumb/v7e-m+fp/hard/libc_nano.a(libc_a-vsnprintf.o)
                              CMakeFiles/UART_CAR.dir/Core/Src/uart.c.obj (vsnprintf)
/opt/st/stm32cubeclt_1.19.0/GNU-tools-for-STM32/bin/../lib/gcc/arm-none-eabi/13.3.1/../../../../arm-none-eabi/lib/thumb/v7e-m+fp/hard/libc_nano.a(libc_a-memset.o)
                              /opt/st/stm32cubeclt_1.19.0/GNU-tools-for-STM32/bin/../lib/gcc/arm-none-eabi/13.3.1/../../../../arm-none-eabi/lib/thumb/v7e-m+fp/hard/crt0.o (memset)
/opt/st/stm32cubeclt_1.19.0/GNU-tools-for-STM32/bin/../lib/gcc/arm-none-eabi/13.3.1/../../../../arm-none-eabi/lib/thumb/v7e-m+fp/hard/libc_nano.a(libc_a-closer.o)
                              /opt/st/stm32cubeclt_1.19.0/GNU-tools-for-STM32/bin/../lib/gcc/arm-none-eabi/13.3.1/../../../../arm-none-eabi/lib/thumb/v7e-m+fp/hard/libc_nano.a(libc_a-stdio.o) (_close_r)
/opt/st/stm32cubeclt_1.19.0/GNU-tools-for-STM32/bin/../lib/gcc/arm-none-eabi/13.3.1/../../../../arm-none-eabi/lib/thumb/v7e-m+fp/hard/libc_nano.a(libc_a-reent.o)
                              /opt/st/stm32cubeclt_1.19.0/GNU-tools-for-STM32/bin/../lib/gcc/arm-none-eabi/13.3.1/../../../../arm-none-eabi/lib/thumb/v7e-m+fp/hard/libc_nano.a(libc_a-closer.o) (errno)
/opt/st/stm32cubeclt_1.19.0/GNU-tools-for-STM32/bin/../lib/gcc/arm-none-eabi/13.3.1/../../../../arm-none-eabi/lib/thumb/v7e-m+fp/hard/libc_nano.a(libc_a-impure.o)
                              /opt/st/stm32cubeclt_1.19.0/GNU-tools-for-STM32/bin/../lib/gcc/arm-none-eabi/13.3.1/../../../../arm-none-eabi/lib/thumb/v7e-m+fp/hard/libc_nano.a(libc_a-snprintf.o) (_impure_ptr)
/opt/st/stm32cubeclt_1.19.0/GNU-tools-for-STM32/bin/../lib/gcc/arm-none-eabi/13.3.1/../../../../arm-none-eabi/lib/thumb/v7e-m+fp/hard/libc_nano.a(libc_a-lseekr.o)
                              /opt/st/stm32cubeclt_1.19.0/GNU-tools-for-STM32/bin/../lib/gcc/arm-none-eabi/13.3.1/../../../../arm-none-eabi/lib/thumb/v7e-m+fp/hard/libc_nano.a(libc_a-stdio.o) (_lseek_r)
/opt/st/stm32cubeclt_1.19.0/GNU-tools-for-STM32/bin/../lib/gcc/arm-none-eabi/13.3.1/../../../../arm-none-eabi/lib/thumb/v7e-m+fp/hard/libc_nano.a(libc_a-readr.o)
                              /opt/st/stm32cubeclt_1.19.0/GNU-tools-for-STM32/bin/../lib/gcc/arm-none-eabi/13.3.1/../../../../arm-none-eabi/lib/thumb/v7e-m+fp/hard/libc_nano.a(libc_a-stdio.o) (_read_r)
/opt/st/stm32cubeclt_1.19.0/GNU-tools-for-STM32/bin/../lib/gcc/arm-none-eabi/13.3.1/../../../../arm-none-eabi/lib/thumb/v7e-m+fp/hard/libc_nano.a(libc_a-writer.o)
                              /opt/st/stm32cubeclt_1.19.0/GNU-tools-for-STM32/bin/../lib/gcc/arm-none-eabi/13.3.1/../../../../arm-none-eabi/lib/thumb/v7e-m+fp/hard/libc_nano.a(libc_a-stdio.o) (_write_r)
/opt/st/stm32cubeclt_1.19.0/GNU-tools-for-STM32/bin/../lib/gcc/arm-none-eabi/13.3.1/../../../../arm-none-eabi/lib/thumb/v7e-m+fp/hard/libc_nano.a(libc_a-errno.o)
                              CMakeFiles/UART_CAR.dir/Core/Src/sysmem.c.obj (__errno)
/opt/st/stm32cubeclt_1.19.0/GNU-tools-for-STM32/bin/../lib/gcc/arm-none-eabi/13.3.1/../../../../arm-none-eabi/lib/thumb/v7e-m+fp/hard/libc_nano.a(libc_a-init.o)
[...]
Memory Configuration

Name             Origin             Length             Attributes
RAM              0x20000000         0x00010000         xrw
FLASH            0x08000000         0x00040000         xr
*default*        0x00000000         0xffffffff

Linker script and memory map

LOAD /opt/st/stm32cubeclt_1.19.0/GNU-tools-for-STM32/bin/../lib/gcc/arm-none-eabi/13.3.1/thumb/v7e-m+fp/hard/crti.o
LOAD /opt/st/stm32cubeclt_1.19.0/GNU-tools-for-STM32/bin/../lib/gcc/arm-none-eabi/13.3.1/thumb/v7e-m+fp/hard/crtbegin.o
LOAD /opt/st/stm32cubeclt_1.19.0/GNU-tools-for-STM32/bin/../lib/gcc/arm-none-eabi/13.3.1/../../../../arm-none-eabi/lib/thumb/v7e-m+fp/hard/crt0.o
LOAD cmake/stm32cubemx/CMakeFiles/STM32_Drivers.dir/__/__/Core/Src/system_stm32f4xx.c.obj
LOAD cmake/stm32cubemx/CMakeFiles/STM32_Drivers.dir/__/__/Drivers/STM32F4xx_HAL_Driver/Src/stm32f4xx_hal_uart.c.obj
LOAD cmake/stm32cubemx/CMakeFiles/STM32_Drivers.dir/__/__/Drivers/STM32F4xx_HAL_Driver/Src/stm32f4xx_hal_rcc.c.obj
LOAD cmake/stm32cubemx/CMakeFiles/STM32_Drivers.dir/__/__/Drivers/STM32F4xx_HAL_Driver/Src/stm32f4xx_hal_rcc_ex.c.obj
LOAD cmake/stm32cubemx/CMakeFiles/STM32_Drivers.dir/__/__/Drivers/STM32F4xx_HAL_Driver/Src/stm32f4xx_hal_flash.c.obj
LOAD cmake/stm32cubemx/CMakeFiles/STM32_Drivers.dir/__/__/Drivers/STM32F4xx_HAL_Driver/Src/stm32f4xx_hal_flash_ex.c.obj
LOAD cmake/stm32cubemx/CMakeFiles/STM32_Drivers.dir/__/__/Drivers/STM32F4xx_HAL_Driver/Src/stm32f4xx_hal_flash_ramfunc.c.obj
LOAD cmake/stm32cubemx/CMakeFiles/STM32_Drivers.dir/__/__/Drivers/STM32F4xx_HAL_Driver/Src/stm32f4xx_hal_gpio.c.obj
LOAD cmake/stm32cubemx/CMakeFiles/STM32_Drivers.dir/__/__/Drivers/STM32F4xx_HAL_Driver/Src/stm32f4xx_hal_dma_ex.c.obj
LOAD cmake/stm32cubemx/CMakeFiles/STM32_Drivers.dir/__/__/Drivers/STM32F4xx_HAL_Driver/Src/stm32f4xx_hal_dma.c.obj
LOAD cmake/stm32cubemx/CMakeFiles/STM32_Drivers.dir/__/__/Drivers/STM32F4xx_HAL_Driver/Src/stm32f4xx_hal_pwr.c.obj
LOAD cmake/stm32cubemx/CMakeFiles/STM32_Drivers.dir/__/__/Drivers/STM32F4xx_HAL_Driver/Src/stm32f4xx_hal_pwr_ex.c.obj
LOAD cmake/stm32cubemx/CMakeFiles/STM32_Drivers.dir/__/__/Drivers/STM32F4xx_HAL_Driver/Src/stm32f4xx_hal_cortex.c.obj
LOAD cmake/stm32cubemx/CMakeFiles/STM32_Drivers.dir/__/__/Drivers/STM32F4xx_HAL_Driver/Src/stm32f4xx_hal.c.obj
LOAD cmake/stm32cubemx/CMakeFiles/STM32_Drivers.dir/__/__/Drivers/STM32F4xx_HAL_Driver/Src/stm32f4xx_hal_exti.c.obj
LOAD CMakeFiles/UART_CAR.dir/Core/Src/main.c.obj
LOAD CMakeFiles/UART_CAR.dir/Core/Src/stm32f4xx_it.c.obj
LOAD CMakeFiles/UART_CAR.dir/Core/Src/stm32f4xx_hal_msp.c.obj
LOAD CMakeFiles/UART_CAR.dir/Core/Src/sysmem.c.obj
LOAD CMakeFiles/UART_CAR.dir/Core/Src/syscalls.c.obj
LOAD CMakeFiles/UART_CAR.dir/startup_stm32f401xc.s.obj
LOAD CMakeFiles/UART_CAR.dir/Core/Src/Packet.cpp.obj
LOAD CMakeFiles/UART_CAR.dir/Core/Src/CheckSum.c.obj
LOAD CMakeFiles/UART_CAR.dir/Core/Src/uart.c.obj
LOAD CMakeFiles/UART_CAR.dir/Core/Src/Utility.c.obj
LOAD /opt/st/stm32cubeclt_1.19.0/GNU-tools-for-STM32/bin/../lib/gcc/arm-none-eabi/13.3.1/../../../../arm-none-eabi/lib/thumb/v7e-m+fp/hard/libstdc++_nano.a
LOAD /opt/st/stm32cubeclt_1.19.0/GNU-tools-for-STM32/bin/../lib/gcc/arm-none-eabi/13.3.1/../../../../arm-none-eabi/lib/thumb/v7e-m+fp/hard/libsupc++_nano.a
LOAD /opt/st/stm32cubeclt_1.19.0/GNU-tools-for-STM32/bin/../lib/gcc/arm-none-eabi/13.3.1/../../../../arm-none-eabi/lib/thumb/v7e-m+fp/hard/libc_nano.a
LOAD /opt/st/stm32cubeclt_1.19.0/GNU-tools-for-STM32/bin/../lib/gcc/arm-none-eabi/13.3.1/../../../../arm-none-eabi/lib/thumb/v7e-m+fp/hard/libg_nano.a
LOAD /opt/st/stm32cubeclt_1.19.0/GNU-tools-for-STM32/bin/../lib/gcc/arm-none-eabi/13.3.1/../../../../arm-none-eabi/lib/thumb/v7e-m+fp/hard/libstdc++_nano.a
LOAD /opt/st/stm32cubeclt_1.19.0/GNU-tools-for-STM32/bin/../lib/gcc/arm-none-eabi/13.3.1/../../../../arm-none-eabi/lib/thumb/v7e-m+fp/hard/libm.a
LOAD /opt/st/stm32cubeclt_1.19.0/GNU-tools-for-STM32/bin/../lib/gcc/arm-none-eabi/13.3.1/../../../../arm-none-eabi/lib/thumb/v7e-m+fp/hard/libstdc++_nano.a
LOAD /opt/st/stm32cubeclt_1.19.0/GNU-tools-for-STM32/bin/../lib/gcc/arm-none-eabi/13.3.1/../../../../arm-none-eabi/lib/thumb/v7e-m+fp/hard/libsupc++_nano.a
LOAD /opt/st/stm32cubeclt_1.19.0/GNU-tools-for-STM32/bin/../lib/gcc/arm-none-eabi/13.3.1/../../../../arm-none-eabi/lib/thumb/v7e-m+fp/hard/libc_nano.a
LOAD /opt/st/stm32cubeclt_1.19.0/GNU-tools-for-STM32/bin/../lib/gcc/arm-none-eabi/13.3.1/../../../../arm-none-eabi/lib/thumb/v7e-m+fp/hard/libg_nano.a
LOAD /opt/st/stm32cubeclt_1.19.0/GNU-tools-for-STM32/bin/../lib/gcc/arm-none-eabi/13.3.1/../../../../arm-none-eabi/lib/thumb/v7e-m+fp/hard/libstdc++_nano.a
LOAD /opt/st/stm32cubeclt_1.19.0/GNU-tools-for-STM32/bin/../lib/gcc/arm-none-eabi/13.3.1/../../../../arm-none-eabi/lib/thumb/v7e-m+fp/hard/libc_nano.a
LOAD /opt/st/stm32cubeclt_1.19.0/GNU-tools-for-STM32/bin/../lib/gcc/arm-none-eabi/13.3.1/../../../../arm-none-eabi/lib/thumb/v7e-m+fp/hard/libstdc++_nano.a
LOAD /opt/st/stm32cubeclt_1.19.0/GNU-tools-for-STM32/bin/../lib/gcc/arm-none-eabi/13.3.1/../../../../arm-none-eabi/lib/thumb/v7e-m+fp/hard/libm.a
LOAD /opt/st/stm32cubeclt_1.19.0/GNU-tools-for-STM32/bin/../lib/gcc/arm-none-eabi/13.3.1/../../../../arm-none-eabi/lib/thumb/v7e-m+fp/hard/libc_nano.a
START GROUP
LOAD /opt/st/stm32cubeclt_1.19.0/GNU-tools-for-STM32/bin/../lib/gcc/arm-none-eabi/13.3.1/thumb/v7e-m+fp/hard/libgcc.a
LOAD /opt/st/stm32cubeclt_1.19.0/GNU-tools-for-STM32/bin/../lib/gcc/arm-none-eabi/13.3.1/../../../../arm-none-eabi/lib/thumb/v7e-m+fp/hard/libg_nano.a
LOAD /opt/st/stm32cubeclt_1.19.0/GNU-tools-for-STM32/bin/../lib/gcc/arm-none-eabi/13.3.1/../../../../arm-none-eabi/lib/thumb/v7e-m+fp/hard/libc_nano.a
END GROUP
START GROUP
LOAD /opt/st/stm32cubeclt_1.19.0/GNU-tools-for-STM32/bin/../lib/gcc/arm-none-eabi/13.3.1/thumb/v7e-m+fp/hard/libgcc.a
LOAD /opt/st/stm32cubeclt_1.19.0/GNU-tools-for-STM32/bin/../lib/gcc/arm-none-eabi/13.3.1/../../../../arm-none-eabi/lib/thumb/v7e-m+fp/hard/libc_nano.a
END GROUP
LOAD /opt/st/stm32cubeclt_1.19.0/GNU-tools-for-STM32/bin/../lib/gcc/arm-none-eabi/13.3.1/thumb/v7e-m+fp/hard/crtend.o
LOAD /opt/st/stm32cubeclt_1.19.0/GNU-tools-for-STM32/bin/../lib/gcc/arm-none-eabi/13.3.1/thumb/v7e-m+fp/hard/crtn.o
                0x20010000                        _estack = (ORIGIN (RAM) + LENGTH (RAM))
                0x00000200                        _Min_Heap_Size = 0x200
                0x00000400                        _Min_Stack_Size = 0x400

.isr_vector     0x08000000      0x194
                0x08000000                        . = ALIGN (0x4)
 *(.isr_vector)
 .isr_vector    0x08000000      0x194 CMakeFiles/UART_CAR.dir/startup_stm32f401xc.s.obj
                0x08000000                g_pfnVectors
                0x08000194                        . = ALIGN (0x4)

.text           0x080001a0     0x374c
                0x080001a0                        . = ALIGN (0x4)
 *(.text)
 .text          0x080001a0       0x40 /opt/st/stm32cubeclt_1.19.0/GNU-tools-for-STM32/bin/../lib/gcc/arm-none-eabi/13.3.1/thumb/v7e-m+fp/hard/crtbegin.o
 .text          0x080001e0       0x10 /opt/st/stm32cubeclt_1.19.0/GNU-tools-for-STM32/bin/../lib/gcc/arm-none-eabi/13.3.1/../../../../arm-none-eabi/lib/thumb/v7e-m+fp/hard/libc_nano.a(libc_a-strlen.o)
                0x080001e0                strlen
 .text          0x080001f0       0xa0 /opt/st/stm32cubeclt_1.19.0/GNU-tools-for-STM32/bin/../lib/gcc/arm-none-eabi/13.3.1/../../../../arm-none-eabi/lib/thumb/v7e-m+fp/hard/libc_nano.a(libc_a-memchr.o)
                0x080001f0                memchr
 .text          0x08000290       0x30 /opt/st/stm32cubeclt_1.19.0/GNU-tools-for-STM32/bin/../lib/gcc/arm-none-eabi/13.3.1/thumb/v7e-m+fp/hard/libgcc.a(_aeabi_uldivmod.o)
                0x08000290                __aeabi_uldivmod
 .text          0x080002c0      0x2f8 /opt/st/stm32cubeclt_1.19.0/GNU-tools-for-STM32/bin/../lib/gcc/arm-none-eabi/13.3.1/thumb/v7e-m+fp/hard/libgcc.a(_udivmoddi4.o)
                0x080002c0                __udivmoddi4
 .text          0x080005b8        0x4 /opt/st/stm32cubeclt_1.19.0/GNU-tools-for-STM32/bin/../lib/gcc/arm-none-eabi/13.3.1/thumb/v7e-m+fp/hard/libgcc.a(_dvmd_tls.o)
                0x080005b8                __aeabi_ldiv0
                0x080005b8                __aeabi_idiv0
 *(.text*)
 .text.SystemInit
                0x080005bc       0x24 cmake/stm32cubemx/CMakeFiles/STM32_Drivers.dir/__/__/Core/Src/system_stm32f4xx.c.obj
                0x080005bc                SystemInit
 .text.HAL_UART_Init
                0x080005e0       0xa0 cmake/stm32cubemx/CMakeFiles/STM32_Drivers.dir/__/__/Drivers/STM32F4xx_HAL_Driver/Src/stm32f4xx_hal_uart.c.obj
                0x080005e0                HAL_UART_Init
 .text.HAL_UART_Transmit
                0x08000680      0x116 cmake/stm32cubemx/CMakeFiles/STM32_Drivers.dir/__/__/Drivers/STM32F4xx_HAL_Driver/Src/stm32f4xx_hal_uart.c.obj
                0x08000680                HAL_UART_Transmit
 .text.HAL_UART_Receive_IT
                0x08000796       0x4a cmake/stm32cubemx/CMakeFiles/STM32_Drivers.dir/__/__/Drivers/STM32F4xx_HAL_Driver/Src/stm32f4xx_hal_uart.c.obj
                0x08000796                HAL_UART_Receive_IT
 .text.HAL_UART_IRQHandler
                0x080007e0      0x554 cmake/stm32cubemx/CMakeFiles/STM32_Drivers.dir/__/__/Drivers/STM32F4xx_HAL_Driver/Src/stm32f4xx_hal_uart.c.obj
                0x080007e0                HAL_UART_IRQHandler
 .text.HAL_UART_TxCpltCallback
                0x08000d34       0x14 cmake/stm32cubemx/CMakeFiles/STM32_Drivers.dir/__/__/Drivers/STM32F4xx_HAL_Driver/Src/stm32f4xx_hal_uart.c.obj
                0x08000d34                HAL_UART_TxCpltCallback
 .text.HAL_UART_ErrorCallback
                0x08000d48       0x14 cmake/stm32cubemx/CMakeFiles/STM32_Drivers.dir/__/__/Drivers/STM32F4xx_HAL_Driver/Src/stm32f4xx_hal_uart.c.obj
                0x08000d48                HAL_UART_ErrorCallback
 .text.HAL_UARTEx_RxEventCallback
                0x08000d5c       0x18 cmake/stm32cubemx/CMakeFiles/STM32_Drivers.dir/__/__/Drivers/STM32F4xx_HAL_Driver/Src/stm32f4xx_hal_uart.c.obj
                0x08000d5c                HAL_UARTEx_RxEventCallback
 .text.UART_WaitOnFlagUntilTimeout
                0x08000d74       0xb2 cmake/stm32cubemx/CMakeFiles/STM32_Drivers.dir/__/__/Drivers/STM32F4xx_HAL_Driver/Src/stm32f4xx_hal_uart.c.obj
 .text.UART_Start_Receive_IT
                0x08000e26       0x74 cmake/stm32cubemx/CMakeFiles/STM32_Drivers.dir/__/__/Drivers/STM32F4xx_HAL_Driver/Src/stm32f4xx_hal_uart.c.obj
                0x08000e26                UART_Start_Receive_IT
 .text.UART_EndRxTransfer
                0x08000e9a       0xc6 cmake/stm32cubemx/CMakeFiles/STM32_Drivers.dir/__/__/Drivers/STM32F4xx_HAL_Driver/Src/stm32f4xx_hal_uart.c.obj
 .text.UART_DMAAbortOnError
                0x08000f60       0x22 cmake/stm32cubemx/CMakeFiles/STM32_Drivers.dir/__/__/Drivers/STM32F4xx_HAL_Driver/Src/stm32f4xx_hal_uart.c.obj
 .text.UART_Transmit_IT
                0x08000f82       0xa0 cmake/stm32cubemx/CMakeFiles/STM32_Drivers.dir/__/__/Drivers/STM32F4xx_HAL_Driver/Src/stm32f4xx_hal_uart.c.obj
 .text.UART_EndTransmit_IT
                0x08001022       0x30 cmake/stm32cubemx/CMakeFiles/STM32_Drivers.dir/__/__/Drivers/STM32F4xx_HAL_Driver/Src/stm32f4xx_hal_uart.c.obj
 .text.UART_Receive_IT
                0x08001052      0x17c cmake/stm32cubemx/CMakeFiles/STM32_Drivers.dir/__/__/Drivers/STM32F4xx_HAL_Driver/Src/stm32f4xx_hal_uart.c.obj
 *fill*         0x080011ce        0x2 
 .text.UART_SetConfig
                0x080011d0      0x4e8 cmake/stm32cubemx/CMakeFiles/STM32_Drivers.dir/__/__/Drivers/STM32F4xx_HAL_Driver/Src/stm32f4xx_hal_uart.c.obj
 .text.HAL_RCC_OscConfig
                0x080016b8      0x4f0 cmake/stm32cubemx/CMakeFiles/STM32_Drivers.dir/__/__/Drivers/STM32F4xx_HAL_Driver/Src/stm32f4xx_hal_rcc.c.obj
                0x080016b8                HAL_RCC_OscConfig
 .text.HAL_RCC_ClockConfig
                0x08001ba8      0x1cc cmake/stm32cubemx/CMakeFiles/STM32_Drivers.dir/__/__/Drivers/STM32F4xx_HAL_Driver/Src/stm32f4xx_hal_rcc.c.obj
                0x08001ba8                HAL_RCC_ClockConfig
 .text.HAL_RCC_GetSysClockFreq
                0x08001d74      0x18c cmake/stm32cubemx/CMakeFiles/STM32_Drivers.dir/__/__/Drivers/STM32F4xx_HAL_Driver/Src/stm32f4xx_hal_rcc.c.obj
                0x08001d74                HAL_RCC_GetSysClockFreq
 .text.HAL_RCC_GetHCLKFreq
                0x08001f00       0x18 cmake/stm32cubemx/CMakeFiles/STM32_Drivers.dir/__/__/Drivers/STM32F4xx_HAL_Driver/Src/stm32f4xx_hal_rcc.c.obj
                0x08001f00                HAL_RCC_GetHCLKFreq
 .text.HAL_RCC_GetPCLK1Freq
                0x08001f18       0x28 cmake/stm32cubemx/CMakeFiles/STM32_Drivers.dir/__/__/Drivers/STM32F4xx_HAL_Driver/Src/stm32f4xx_hal_rcc.c.obj
                0x08001f18                HAL_RCC_GetPCLK1Freq
 .text.HAL_RCC_GetPCLK2Freq
                0x08001f40       0x28 cmake/stm32cubemx/CMakeFiles/STM32_Drivers.dir/__/__/Drivers/STM32F4xx_HAL_Driver/Src/stm32f4xx_hal_rcc.c.obj
                0x08001f40                HAL_RCC_GetPCLK2Freq
 .text.HAL_GPIO_Init
                0x08001f68      0x308 cmake/stm32cubemx/CMakeFiles/STM32_Drivers.dir/__/__/Drivers/STM32F4xx_HAL_Driver/Src/stm32f4xx_hal_gpio.c.obj
                0x08001f68                HAL_GPIO_Init
 .text.HAL_GPIO_WritePin
                0x08002270       0x32 cmake/stm32cubemx/CMakeFiles/STM32_Drivers.dir/__/__/Drivers/STM32F4xx_HAL_Driver/Src/stm32f4xx_hal_gpio.c.obj
                0x08002270                HAL_GPIO_WritePin
 .text.HAL_DMA_Abort
                0x080022a2       0xe0 cmake/stm32cubemx/CMakeFiles/STM32_Drivers.dir/__/__/Drivers/STM32F4xx_HAL_Driver/Src/stm32f4xx_hal_dma.c.obj
                0x080022a2                HAL_DMA_Abort
 .text.HAL_DMA_Abort_IT
                0x08002382       0x44 cmake/stm32cubemx/CMakeFiles/STM32_Drivers.dir/__/__/Drivers/STM32F4xx_HAL_Driver/Src/stm32f4xx_hal_dma.c.obj
                0x08002382                HAL_DMA_Abort_IT
 *fill*         0x080023c6        0x2 
 .text.__NVIC_SetPriorityGrouping
                0x080023c8       0x48 cmake/stm32cubemx/CMakeFiles/STM32_Drivers.dir/__/__/Drivers/STM32F4xx_HAL_Driver/Src/stm32f4xx_hal_cortex.c.obj
 .text.__NVIC_GetPriorityGrouping
                0x08002410       0x1c cmake/stm32cubemx/CMakeFiles/STM32_Drivers.dir/__/__/Drivers/STM32F4xx_HAL_Driver/Src/stm32f4xx_hal_cortex.c.obj
 .text.__NVIC_EnableIRQ
                0x0800242c       0x3c cmake/stm32cubemx/CMakeFiles/STM32_Drivers.dir/__/__/Drivers/STM32F4xx_HAL_Driver/Src/stm32f4xx_hal_cortex.c.obj
 .text.__NVIC_SetPriority
                0x08002468       0x54 cmake/stm32cubemx/CMakeFiles/STM32_Drivers.dir/__/__/Drivers/STM32F4xx_HAL_Driver/Src/stm32f4xx_hal_cortex.c.obj
 .text.NVIC_EncodePriority
                0x080024bc       0x66 cmake/stm32cubemx/CMakeFiles/STM32_Drivers.dir/__/__/Drivers/STM32F4xx_HAL_Driver/Src/stm32f4xx_hal_cortex.c.obj
 *fill*         0x08002522        0x2 
 .text.SysTick_Config
                0x08002524       0x44 cmake/stm32cubemx/CMakeFiles/STM32_Drivers.dir/__/__/Drivers/STM32F4xx_HAL_Driver/Src/stm32f4xx_hal_cortex.c.obj
 .text.HAL_NVIC_SetPriorityGrouping
                0x08002568       0x16 cmake/stm32cubemx/CMakeFiles/STM32_Drivers.dir/__/__/Drivers/STM32F4xx_HAL_Driver/Src/stm32f4xx_hal_cortex.c.obj
                0x08002568                HAL_NVIC_SetPriorityGrouping
 .text.HAL_NVIC_SetPriority
                0x0800257e       0x38 cmake/stm32cubemx/CMakeFiles/STM32_Drivers.dir/__/__/Drivers/STM32F4xx_HAL_Driver/Src/stm32f4xx_hal_cortex.c.obj
                0x0800257e                HAL_NVIC_SetPriority
 .text.HAL_NVIC_EnableIRQ
                0x080025b6       0x1c cmake/stm32cubemx/CMakeFiles/STM32_Drivers.dir/__/__/Drivers/STM32F4xx_HAL_Driver/Src/stm32f4xx_hal_cortex.c.obj
                0x080025b6                HAL_NVIC_EnableIRQ
 .text.HAL_SYSTICK_Config
                0x080025d2       0x18 cmake/stm32cubemx/CMakeFiles/STM32_Drivers.dir/__/__/Drivers/STM32F4xx_HAL_Driver/Src/stm32f4xx_hal_cortex.c.obj
                0x080025d2                HAL_SYSTICK_Config
 *fill*         0x080025ea        0x2 
 .text.HAL_Init
                0x080025ec       0x44 cmake/stm32cubemx/CMakeFiles/STM32_Drivers.dir/__/__/Drivers/STM32F4xx_HAL_Driver/Src/stm32f4xx_hal.c.obj
                0x080025ec                HAL_Init
 .text.HAL_InitTick
                0x08002630       0x60 cmake/stm32cubemx/CMakeFiles/STM32_Drivers.dir/__/__/Drivers/STM32F4xx_HAL_Driver/Src/stm32f4xx_hal.c.obj
                0x08002630                HAL_InitTick
 .text.HAL_IncTick
                0x08002690       0x28 cmake/stm32cubemx/CMakeFiles/STM32_Drivers.dir/__/__/Drivers/STM32F4xx_HAL_Driver/Src/stm32f4xx_hal.c.obj
                0x08002690                HAL_IncTick
 .text.HAL_GetTick
                0x080026b8       0x18 cmake/stm32cubemx/CMakeFiles/STM32_Drivers.dir/__/__/Drivers/STM32F4xx_HAL_Driver/Src/stm32f4xx_hal.c.obj
                0x080026b8                HAL_GetTick
 .text.HAL_UART_RxCpltCallback
                0x080026d0       0xb4 CMakeFiles/UART_CAR.dir/Core/Src/main.c.obj
                0x080026d0                HAL_UART_RxCpltCallback
 .text.uart2_send_bytes
                0x08002784       0x28 CMakeFiles/UART_CAR.dir/Core/Src/main.c.obj
                0x08002784                uart2_send_bytes
 .text.memcpy_from_volatile
                0x080027ac       0x48 CMakeFiles/UART_CAR.dir/Core/Src/main.c.obj
 .text.main     0x080027f4       0xec CMakeFiles/UART_CAR.dir/Core/Src/main.c.obj
                0x080027f4                main
 .text.SystemClock_Config
                0x080028e0       0xc0 CMakeFiles/UART_CAR.dir/Core/Src/main.c.obj
                0x080028e0                SystemClock_Config
 .text.MX_USART1_UART_Init
                0x080029a0       0x54 CMakeFiles/UART_CAR.dir/Core/Src/main.c.obj
 .text.MX_USART2_UART_Init
                0x080029f4       0x54 CMakeFiles/UART_CAR.dir/Core/Src/main.c.obj
 .text.MX_GPIO_Init
                0x08002a48       0x64 CMakeFiles/UART_CAR.dir/Core/Src/main.c.obj
 .text.Error_Handler
                0x08002aac        0xc CMakeFiles/UART_CAR.dir/Core/Src/main.c.obj
                0x08002aac                Error_Handler
 .text.NMI_Handler
                0x08002ab8        0x8 CMakeFiles/UART_CAR.dir/Core/Src/stm32f4xx_it.c.obj
                0x08002ab8                NMI_Handler
 .text.HardFault_Handler
                0x08002ac0        0x8 CMakeFiles/UART_CAR.dir/Core/Src/stm32f4xx_it.c.obj
                0x08002ac0                HardFault_Handler
 .text.MemManage_Handler
                0x08002ac8        0x8 CMakeFiles/UART_CAR.dir/Core/Src/stm32f4xx_it.c.obj
                0x08002ac8                MemManage_Handler
 .text.BusFault_Handler
                0x08002ad0        0x8 CMakeFiles/UART_CAR.dir/Core/Src/stm32f4xx_it.c.obj
                0x08002ad0                BusFault_Handler
 .text.UsageFault_Handler
                0x08002ad8        0x8 CMakeFiles/UART_CAR.dir/Core/Src/stm32f4xx_it.c.obj
                0x08002ad8                UsageFault_Handler
 .text.SVC_Handler
                0x08002ae0        0xe CMakeFiles/UART_CAR.dir/Core/Src/stm32f4xx_it.c.obj
                0x08002ae0                SVC_Handler
 .text.DebugMon_Handler
                0x08002aee        0xe CMakeFiles/UART_CAR.dir/Core/Src/stm32f4xx_it.c.obj
                0x08002aee                DebugMon_Handler
 .text.PendSV_Handler
                0x08002afc        0xe CMakeFiles/UART_CAR.dir/Core/Src/stm32f4xx_it.c.obj
                0x08002afc                PendSV_Handler
 .text.SysTick_Handler
                0x08002b0a        0xc CMakeFiles/UART_CAR.dir/Core/Src/stm32f4xx_it.c.obj
                0x08002b0a                SysTick_Handler
 *fill*         0x08002b16        0x2 
 .text.USART2_IRQHandler
                0x08002b18       0x14 CMakeFiles/UART_CAR.dir/Core/Src/stm32f4xx_it.c.obj
                0x08002b18                USART2_IRQHandler
 .text.HAL_MspInit
                0x08002b2c       0x50 CMakeFiles/UART_CAR.dir/Core/Src/stm32f4xx_hal_msp.c.obj
                0x08002b2c                HAL_MspInit
 .text.HAL_UART_MspInit
                0x08002b7c      0x108 CMakeFiles/UART_CAR.dir/Core/Src/stm32f4xx_hal_msp.c.obj
                0x08002b7c                HAL_UART_MspInit
 .text._sbrk    0x08002c84       0x6c CMakeFiles/UART_CAR.dir/Core/Src/sysmem.c.obj
                0x08002c84                _sbrk
 .text.Reset_Handler
                0x08002cf0       0x50 CMakeFiles/UART_CAR.dir/startup_stm32f401xc.s.obj
                0x08002cf0                Reset_Handler
 .text.Default_Handler
                0x08002d40        0x2 CMakeFiles/UART_CAR.dir/startup_stm32f401xc.s.obj
                0x08002d40                RTC_Alarm_IRQHandler
                0x08002d40                EXTI2_IRQHandler
                0x08002d40                SPI4_IRQHandler
                0x08002d40                TIM1_CC_IRQHandler
                0x08002d40                DMA2_Stream5_IRQHandler
                0x08002d40                DMA1_Stream5_IRQHandler
                0x08002d40                PVD_IRQHandler
                0x08002d40                SDIO_IRQHandler
                0x08002d40                TAMP_STAMP_IRQHandler
                0x08002d40                EXTI3_IRQHandler
                0x08002d40                TIM1_UP_TIM10_IRQHandler
                0x08002d40                I2C3_ER_IRQHandler
                0x08002d40                EXTI0_IRQHandler
                0x08002d40                I2C2_EV_IRQHandler
                0x08002d40                DMA1_Stream2_IRQHandler
                0x08002d40                FPU_IRQHandler
                0x08002d40                DMA2_Stream2_IRQHandler
                0x08002d40                SPI1_IRQHandler
                0x08002d40                TIM1_BRK_TIM9_IRQHandler
                0x08002d40                DMA2_Stream3_IRQHandler
                0x08002d40                USART6_IRQHandler
                0x08002d40                DMA2_Stream0_IRQHandler
                0x08002d40                TIM4_IRQHandler
                0x08002d40                I2C1_EV_IRQHandler
                0x08002d40                DMA1_Stream6_IRQHandler
                0x08002d40                DMA1_Stream1_IRQHandler
                0x08002d40                TIM3_IRQHandler
                0x08002d40                RCC_IRQHandler
                0x08002d40                Default_Handler
                0x08002d40                EXTI15_10_IRQHandler
                0x08002d40                ADC_IRQHandler
                0x08002d40                DMA1_Stream7_IRQHandler
                0x08002d40                TIM5_IRQHandler
                0x08002d40                DMA2_Stream7_IRQHandler
                0x08002d40                I2C3_EV_IRQHandler
                0x08002d40                EXTI9_5_IRQHandler
                0x08002d40                RTC_WKUP_IRQHandler
                0x08002d40                SPI2_IRQHandler
                0x08002d40                DMA1_Stream0_IRQHandler
                0x08002d40                EXTI4_IRQHandler
                0x08002d40                WWDG_IRQHandler
                0x08002d40                TIM2_IRQHandler
                0x08002d40                OTG_FS_WKUP_IRQHandler
                0x08002d40                TIM1_TRG_COM_TIM11_IRQHandler
                0x08002d40                EXTI1_IRQHandler
                0x08002d40                I2C2_ER_IRQHandler
                0x08002d40                DMA2_Stream1_IRQHandler
                0x08002d40                FLASH_IRQHandler
                0x08002d40                DMA2_Stream4_IRQHandler
                0x08002d40                USART1_IRQHandler
                0x08002d40                OTG_FS_IRQHandler
                0x08002d40                SPI3_IRQHandler
                0x08002d40                DMA1_Stream4_IRQHandler
                0x08002d40                I2C1_ER_IRQHandler
                0x08002d40                DMA2_Stream6_IRQHandler
                0x08002d40                DMA1_Stream3_IRQHandler
 *fill*         0x08002d42        0x2 
 .text.SerializePacket
                0x08002d44       0xe8 CMakeFiles/UART_CAR.dir/Core/Src/Packet.cpp.obj
                0x08002d44                SerializePacket
 .text.crc16_table_calc
                0x08002e2c       0x58 CMakeFiles/UART_CAR.dir/Core/Src/CheckSum.c.obj
                0x08002e2c                crc16_table_calc
 .text.checksum
                0x08002e84       0x34 CMakeFiles/UART_CAR.dir/Core/Src/CheckSum.c.obj
                0x08002e84                checksum
 .text.uart_log_init
                0x08002eb8       0x20 CMakeFiles/UART_CAR.dir/Core/Src/uart.c.obj
                0x08002eb8                uart_log_init
 .text.uart_log_send
                0x08002ed8       0x34 CMakeFiles/UART_CAR.dir/Core/Src/uart.c.obj
                0x08002ed8                uart_log_send
 .text.uart_log_printf
                0x08002f0c       0x54 CMakeFiles/UART_CAR.dir/Core/Src/uart.c.obj
                0x08002f0c                uart_log_printf
 .text._vsnprintf_r
                0x08002f60       0x5c /opt/st/stm32cubeclt_1.19.0/GNU-tools-for-STM32/bin/../lib/gcc/arm-none-eabi/13.3.1/../../../../arm-none-eabi/lib/thumb/v7e-m+fp/hard/libc_nano.a(libc_a-vsnprintf.o)
                0x08002f60                _vsnprintf_r
                0x08002f60                _vsniprintf_r
 .text.vsnprintf
                0x08002fbc       0x1c /opt/st/stm32cubeclt_1.19.0/GNU-tools-for-STM32/bin/../lib/gcc/arm-none-eabi/13.3.1/../../../../arm-none-eabi/lib/thumb/v7e-m+fp/hard/libc_nano.a(libc_a-vsnprintf.o)
                0x08002fbc                vsnprintf
                0x08002fbc                vsniprintf
 .text.memset   0x08002fd8       0x10 /opt/st/stm32cubeclt_1.19.0/GNU-tools-for-STM32/bin/../lib/gcc/arm-none-eabi/13.3.1/../../../../arm-none-eabi/lib/thumb/v7e-m+fp/hard/libc_nano.a(libc_a-memset.o)
                0x08002fd8                memset
 .text.__errno  0x08002fe8        0xc /opt/st/stm32cubeclt_1.19.0/GNU-tools-for-STM32/bin/../lib/gcc/arm-none-eabi/13.3.1/../../../../arm-none-eabi/lib/thumb/v7e-m+fp/hard/libc_nano.a(libc_a-errno.o)
                0x08002fe8                __errno
 .text.__libc_init_array
                0x08002ff4       0x48 /opt/st/stm32cubeclt_1.19.0/GNU-tools-for-STM32/bin/../lib/gcc/arm-none-eabi/13.3.1/../../../../arm-none-eabi/lib/thumb/v7e-m+fp/hard/libc_nano.a(libc_a-init.o)
                0x08002ff4                __libc_init_array
 .text.__retarget_lock_acquire_recursive
                0x0800303c        0x2 /opt/st/stm32cubeclt_1.19.0/GNU-tools-for-STM32/bin/../lib/gcc/arm-none-eabi/13.3.1/../../../../arm-none-eabi/lib/thumb/v7e-m+fp/hard/libc_nano.a(libc_a-lock.o)
                0x0800303c                __retarget_lock_acquire_recursive
 .text.__retarget_lock_release_recursive
                0x0800303e        0x2 /opt/st/stm32cubeclt_1.19.0/GNU-tools-for-STM32/bin/../lib/gcc/arm-none-eabi/13.3.1/../../../../arm-none-eabi/lib/thumb/v7e-m+fp/hard/libc_nano.a(libc_a-lock.o)
                0x0800303e                __retarget_lock_release_recursive
 .text._free_r  0x08003040       0x94 /opt/st/stm32cubeclt_1.19.0/GNU-tools-for-STM32/bin/../lib/gcc/arm-none-eabi/13.3.1/../../../../arm-none-eabi/lib/thumb/v7e-m+fp/hard/libc_nano.a(libc_a-freer.o)
                0x08003040                _free_r
 .text.sbrk_aligned
                0x080030d4       0x44 /opt/st/stm32cubeclt_1.19.0/GNU-tools-for-STM32/bin/../lib/gcc/arm-none-eabi/13.3.1/../../../../arm-none-eabi/lib/thumb/v7e-m+fp/hard/libc_nano.a(libc_a-mallocr.o)
 .text._malloc_r
                0x08003118      0x100 /opt/st/stm32cubeclt_1.19.0/GNU-tools-for-STM32/bin/../lib/gcc/arm-none-eabi/13.3.1/../../../../arm-none-eabi/lib/thumb/v7e-m+fp/hard/libc_nano.a(libc_a-mallocr.o)
                0x08003118                _malloc_r
 .text.__malloc_lock
                0x08003218        0xc /opt/st/stm32cubeclt_1.19.0/GNU-tools-for-STM32/bin/../lib/gcc/arm-none-eabi/13.3.1/../../../../arm-none-eabi/lib/thumb/v7e-m+fp/hard/libc_nano.a(libc_a-mlock.o)
                0x08003218                __malloc_lock
 .text.__malloc_unlock
                0x08003224        0xc /opt/st/stm32cubeclt_1.19.0/GNU-tools-for-STM32/bin/../lib/gcc/arm-none-eabi/13.3.1/../../../../arm-none-eabi/lib/thumb/v7e-m+fp/hard/libc_nano.a(libc_a-mlock.o)
                0x08003224                __malloc_unlock
 .text.__ssputs_r
                0x08003230       0xb6 /opt/st/stm32cubeclt_1.19.0/GNU-tools-for-STM32/bin/../lib/gcc/arm-none-eabi/13.3.1/../../../../arm-none-eabi/lib/thumb/v7e-m+fp/hard/libc_nano.a(libc_a-nano-svfprintf.o)
                0x08003230                __ssputs_r
 *fill*         0x080032e6        0x2 
 .text._svfprintf_r
                0x080032e8      0x1f8 /opt/st/stm32cubeclt_1.19.0/GNU-tools-for-STM32/bin/../lib/gcc/arm-none-eabi/13.3.1/../../../../arm-none-eabi/lib/thumb/v7e-m+fp/hard/libc_nano.a(libc_a-nano-svfprintf.o)
                0x080032e8                _svfprintf_r
                0x080032e8                _svfiprintf_r
 .text._printf_common
                0x080034e0       0xda /opt/st/stm32cubeclt_1.19.0/GNU-tools-for-STM32/bin/../lib/gcc/arm-none-eabi/13.3.1/../../../../arm-none-eabi/lib/thumb/v7e-m+fp/hard/libc_nano.a(libc_a-nano-vfprintf_i.o)
                0x080034e0                _printf_common
 *fill*         0x080035ba        0x2 
 .text._printf_i
                0x080035bc      0x23c /opt/st/stm32cubeclt_1.19.0/GNU-tools-for-STM32/bin/../lib/gcc/arm-none-eabi/13.3.1/../../../../arm-none-eabi/lib/thumb/v7e-m+fp/hard/libc_nano.a(libc_a-nano-vfprintf_i.o)
                0x080035bc                _printf_i
 .text.memmove  0x080037f8       0x34 /opt/st/stm32cubeclt_1.19.0/GNU-tools-for-STM32/bin/../lib/gcc/arm-none-eabi/13.3.1/../../../../arm-none-eabi/lib/thumb/v7e-m+fp/hard/libc_nano.a(libc_a-memmove.o)
                0x080037f8                memmove
 .text._sbrk_r  0x0800382c       0x20 /opt/st/stm32cubeclt_1.19.0/GNU-tools-for-STM32/bin/../lib/gcc/arm-none-eabi/13.3.1/../../../../arm-none-eabi/lib/thumb/v7e-m+fp/hard/libc_nano.a(libc_a-sbrkr.o)
                0x0800382c                _sbrk_r
 .text.memcpy   0x0800384c       0x1c /opt/st/stm32cubeclt_1.19.0/GNU-tools-for-STM32/bin/../lib/gcc/arm-none-eabi/13.3.1/../../../../arm-none-eabi/lib/thumb/v7e-m+fp/hard/libc_nano.a(libc_a-memcpy-stub.o)
                0x0800384c                memcpy
 .text._realloc_r
                0x08003868       0x5c /opt/st/stm32cubeclt_1.19.0/GNU-tools-for-STM32/bin/../lib/gcc/arm-none-eabi/13.3.1/../../../../arm-none-eabi/lib/thumb/v7e-m+fp/hard/libc_nano.a(libc_a-reallocr.o)
                0x08003868                _realloc_r
 .text._malloc_usable_size_r
                0x080038c4       0x10 /opt/st/stm32cubeclt_1.19.0/GNU-tools-for-STM32/bin/../lib/gcc/arm-none-eabi/13.3.1/../../../../arm-none-eabi/lib/thumb/v7e-m+fp/hard/libc_nano.a(libc_a-msizer.o)
                0x080038c4                _malloc_usable_size_r
 *(.glue_7)
 .glue_7        0x080038d4        0x0 linker stubs
 *(.glue_7t)
 .glue_7t       0x080038d4        0x0 linker stubs
 *(.eh_frame)
 .eh_frame      0x080038d4        0x0 /opt/st/stm32cubeclt_1.19.0/GNU-tools-for-STM32/bin/../lib/gcc/arm-none-eabi/13.3.1/thumb/v7e-m+fp/hard/crtbegin.o
 *(.init)
 .init          0x080038d4        0x4 /opt/st/stm32cubeclt_1.19.0/GNU-tools-for-STM32/bin/../lib/gcc/arm-none-eabi/13.3.1/thumb/v7e-m+fp/hard/crti.o
                0x080038d4                _init
 .init          0x080038d8        0x8 /opt/st/stm32cubeclt_1.19.0/GNU-tools-for-STM32/bin/../lib/gcc/arm-none-eabi/13.3.1/thumb/v7e-m+fp/hard/crtn.o
 *(.fini)
 .fini          0x080038e0        0x4 /opt/st/stm32cubeclt_1.19.0/GNU-tools-for-STM32/bin/../lib/gcc/arm-none-eabi/13.3.1/thumb/v7e-m+fp/hard/crti.o
                0x080038e0                _fini
 .fini          0x080038e4        0x8 /opt/st/stm32cubeclt_1.19.0/GNU-tools-for-STM32/bin/../lib/gcc/arm-none-eabi/13.3.1/thumb/v7e-m+fp/hard/crtn.o
                0x080038ec                        . = ALIGN (0x4)
                0x080038ec                        _etext = .

.vfp11_veneer   0x080038ec        0x0
 .vfp11_veneer  0x080038ec        0x0 linker stubs

.v4_bx          0x080038ec        0x0
 .v4_bx         0x080038ec        0x0 linker stubs

.iplt           0x080038ec        0x0
 .iplt          0x080038ec        0x0 /opt/st/stm32cubeclt_1.19.0/GNU-tools-for-STM32/bin/../lib/gcc/arm-none-eabi/13.3.1/thumb/v7e-m+fp/hard/crtbegin.o

.rodata         0x080038ec      0x344
                0x080038ec                        . = ALIGN (0x4)
 *(.rodata)
 .rodata        0x080038ec       0x89 CMakeFiles/UART_CAR.dir/Core/Src/main.c.obj
 *fill*         0x08003975        0x3 
 .rodata        0x08003978       0x60 CMakeFiles/UART_CAR.dir/Core/Src/Packet.cpp.obj
 .rodata        0x080039d8        0xc CMakeFiles/UART_CAR.dir/Core/Src/CheckSum.c.obj
 *(.rodata*)
 .rodata.AHBPrescTable
                0x080039e4       0x10 cmake/stm32cubemx/CMakeFiles/STM32_Drivers.dir/__/__/Core/Src/system_stm32f4xx.c.obj
                0x080039e4                AHBPrescTable
 .rodata.APBPrescTable
                0x080039f4        0x8 cmake/stm32cubemx/CMakeFiles/STM32_Drivers.dir/__/__/Core/Src/system_stm32f4xx.c.obj
                0x080039f4                APBPrescTable
 .rodata.crc16_table
                0x080039fc      0x200 CMakeFiles/UART_CAR.dir/Core/Src/CheckSum.c.obj
 .rodata._svfprintf_r.str1.1
                0x08003bfc       0x33 /opt/st/stm32cubeclt_1.19.0/GNU-tools-for-STM32/bin/../lib/gcc/arm-none-eabi/13.3.1/../../../../arm-none-eabi/lib/thumb/v7e-m+fp/hard/libc_nano.a(libc_a-nano-svfprintf.o)
                                 0x11 (size before relaxing)
 .rodata._printf_i.str1.1
                0x08003c2f       0x22 /opt/st/stm32cubeclt_1.19.0/GNU-tools-for-STM32/bin/../lib/gcc/arm-none-eabi/13.3.1/../../../../arm-none-eabi/lib/thumb/v7e-m+fp/hard/libc_nano.a(libc_a-nano-vfprintf_i.o)
                0x08003c54                        . = ALIGN (0x4)
 *fill*         0x08003c2f        0x1 

.ARM.extab      0x08003c30        0x0
                0x08003c30                        . = ALIGN (0x4)
 *(.ARM.extab* .gnu.linkonce.armextab.*)
                0x08003c30                        . = ALIGN (0x4)

.ARM            0x08003c30        0x8
                0x08003c30                        . = ALIGN (0x4)
                0x08003c30                        __exidx_start = .
 *(.ARM.exidx*)
 .ARM.exidx     0x08003c30        0x8 /opt/st/stm32cubeclt_1.19.0/GNU-tools-for-STM32/bin/../lib/gcc/arm-none-eabi/13.3.1/../../../../arm-none-eabi/lib/thumb/v7e-m+fp/hard/libc_nano.a(libc_a-strlen.o)
 .ARM.exidx     0x08003c38        0x0 /opt/st/stm32cubeclt_1.19.0/GNU-tools-for-STM32/bin/../lib/gcc/arm-none-eabi/13.3.1/../../../../arm-none-eabi/lib/thumb/v7e-m+fp/hard/libc_nano.a(libc_a-memchr.o)
                                  0x8 (size before relaxing)
 .ARM.exidx     0x08003c38        0x0 /opt/st/stm32cubeclt_1.19.0/GNU-tools-for-STM32/bin/../lib/gcc/arm-none-eabi/13.3.1/thumb/v7e-m+fp/hard/libgcc.a(_udivmoddi4.o)
                                  0x8 (size before relaxing)
                0x08003c38                        __exidx_end = .
                0x08003c38                        . = ALIGN (0x4)

.preinit_array  0x08003c38        0x0
                0x08003c38                        . = ALIGN (0x4)
                0x08003c38                        PROVIDE (__preinit_array_start = .)
 *(.preinit_array*)
                0x08003c38                        PROVIDE (__preinit_array_end = .)
                0x08003c38                        . = ALIGN (0x4)

.init_array     0x08003c38        0x4
                0x08003c38                        . = ALIGN (0x4)
                0x08003c38                        PROVIDE (__init_array_start = .)
 *(SORT_BY_NAME(.init_array.*))
 *(.init_array*)
 .init_array    0x08003c38        0x4 /opt/st/stm32cubeclt_1.19.0/GNU-tools-for-STM32/bin/../lib/gcc/arm-none-eabi/13.3.1/thumb/v7e-m+fp/hard/crtbegin.o
                0x08003c3c                        PROVIDE (__init_array_end = .)
                0x08003c3c                        . = ALIGN (0x4)

.fini_array     0x08003c3c        0x4
                0x08003c3c                        . = ALIGN (0x4)
                [!provide]                        PROVIDE (__fini_array_start = .)
 *(SORT_BY_NAME(.fini_array.*))
 *(.fini_array*)
 .fini_array    0x08003c3c        0x4 /opt/st/stm32cubeclt_1.19.0/GNU-tools-for-STM32/bin/../lib/gcc/arm-none-eabi/13.3.1/thumb/v7e-m+fp/hard/crtbegin.o
                [!provide]                        PROVIDE (__fini_array_end = .)
                0x08003c40                        . = ALIGN (0x4)
                0x08003c40                        _sidata = LOADADDR (.data)

.rel.dyn        0x08003c40        0x0
 .rel.iplt      0x08003c40        0x0 /opt/st/stm32cubeclt_1.19.0/GNU-tools-for-STM32/bin/../lib/gcc/arm-none-eabi/13.3.1/thumb/v7e-m+fp/hard/crtbegin.o

.data           0x20000000       0x5c load address 0x08003c40
                0x20000000                        . = ALIGN (0x4)
                0x20000000                        _sdata = .
 *(.data)
 *(.data*)
 .data.SystemCoreClock
                0x20000000        0x4 cmake/stm32cubemx/CMakeFiles/STM32_Drivers.dir/__/__/Core/Src/system_stm32f4xx.c.obj
                0x20000000                SystemCoreClock
 .data.uwTickPrio
                0x20000004        0x4 cmake/stm32cubemx/CMakeFiles/STM32_Drivers.dir/__/__/Drivers/STM32F4xx_HAL_Driver/Src/stm32f4xx_hal.c.obj
                0x20000004                uwTickPrio
 .data.uwTickFreq
                0x20000008        0x1 cmake/stm32cubemx/CMakeFiles/STM32_Drivers.dir/__/__/Drivers/STM32F4xx_HAL_Driver/Src/stm32f4xx_hal.c.obj
                0x20000008                uwTickFreq
 *fill*         0x20000009        0x3 
 .data._impure_ptr
                0x2000000c        0x4 /opt/st/stm32cubeclt_1.19.0/GNU-tools-for-STM32/bin/../lib/gcc/arm-none-eabi/13.3.1/../../../../arm-none-eabi/lib/thumb/v7e-m+fp/hard/libc_nano.a(libc_a-impure.o)
                0x2000000c                _impure_ptr
 .data._impure_data
                0x20000010       0x4c /opt/st/stm32cubeclt_1.19.0/GNU-tools-for-STM32/bin/../lib/gcc/arm-none-eabi/13.3.1/../../../../arm-none-eabi/lib/thumb/v7e-m+fp/hard/libc_nano.a(libc_a-impure.o)
                0x20000010                _impure_data
 *(.RamFunc)
 *(.RamFunc*)
                0x2000005c                        . = ALIGN (0x4)

.igot.plt       0x2000005c        0x0 load address 0x08003c9c
 .igot.plt      0x2000005c        0x0 /opt/st/stm32cubeclt_1.19.0/GNU-tools-for-STM32/bin/../lib/gcc/arm-none-eabi/13.3.1/thumb/v7e-m+fp/hard/crtbegin.o

.tdata          0x2000005c        0x0 load address 0x08003c9c
 *(.tdata .tdata.* .gnu.linkonce.td.*)
                0x2000005c                        . = ALIGN (0x4)
                0x2000005c                        _edata = .
                [!provide]                        PROVIDE (__data_end = .)
                [!provide]                        PROVIDE (__tdata_end = .)
                [!provide]                        PROVIDE (__tdata_start = ADDR (.tdata))
                [!provide]                        PROVIDE (__tdata_size = (__tdata_end - __tdata_start))
                [!provide]                        PROVIDE (__data_start = ADDR (.data))
                [!provide]                        PROVIDE (__data_size = (__data_end - __data_start))
                [!provide]                        PROVIDE (__tdata_source = LOADADDR (.tdata))
                [!provide]                        PROVIDE (__tdata_source_end = (LOADADDR (.tdata) + SIZEOF (.tdata)))
                [!provide]                        PROVIDE (__tdata_source_size = (__tdata_source_end - __tdata_source))
                [!provide]                        PROVIDE (__data_source = LOADADDR (.data))
                [!provide]                        PROVIDE (__data_source_end = __tdata_source_end)
                [!provide]                        PROVIDE (__data_source_size = (__data_source_end - __data_source))

.tbss           0x2000005c        0x0 load address 0x08003c9c
                0x2000005c                        _sbss = .
                0x2000005c                        __bss_start__ = _sbss
 *(.tbss .tbss.*)
                0x2000005c                        . = ALIGN (0x4)
                [!provide]                        PROVIDE (__tbss_end = .)
                [!provide]                        PROVIDE (__tbss_start = ADDR (.tbss))
                [!provide]                        PROVIDE (__tbss_size = (__tbss_end - __tbss_start))
                [!provide]                        PROVIDE (__tbss_offset = (ADDR (.tbss) - ADDR (.tdata)))
                [!provide]                        PROVIDE (__tls_base = __tdata_start)
                [!provide]                        PROVIDE (__tls_end = __tbss_end)
                [!provide]                        PROVIDE (__tls_size = (__tls_end - __tls_base))
                [!provide]                        PROVIDE (__tls_align = MAX (ALIGNOF (.tdata), ALIGNOF (.tbss)))
                [!provide]                        PROVIDE (__tls_size_align = (((__tls_size + __tls_align) - 0x1) & ~ ((__tls_align - 0x1))))
                [!provide]                        PROVIDE (__arm32_tls_tcb_offset = MAX (0x8, __tls_align))
                [!provide]                        PROVIDE (__arm64_tls_tcb_offset = MAX (0x10, __tls_align))

.bss            0x2000005c      0x210 load address 0x08003c9c
 *(.bss)
 .bss           0x2000005c       0x1c /opt/st/stm32cubeclt_1.19.0/GNU-tools-for-STM32/bin/../lib/gcc/arm-none-eabi/13.3.1/thumb/v7e-m+fp/hard/crtbegin.o
 *(.bss*)
 .bss.uwTick    0x20000078        0x4 cmake/stm32cubemx/CMakeFiles/STM32_Drivers.dir/__/__/Drivers/STM32F4xx_HAL_Driver/Src/stm32f4xx_hal.c.obj
                0x20000078                uwTick
 .bss.huart1    0x2000007c       0x48 CMakeFiles/UART_CAR.dir/Core/Src/main.c.obj
                0x2000007c                huart1
 .bss.huart2    0x200000c4       0x48 CMakeFiles/UART_CAR.dir/Core/Src/main.c.obj
                0x200000c4                huart2
 .bss.rxBuffer  0x2000010c        0xc CMakeFiles/UART_CAR.dir/Core/Src/main.c.obj
                0x2000010c                rxBuffer
 .bss.rxIndex   0x20000118        0x1 CMakeFiles/UART_CAR.dir/Core/Src/main.c.obj
                0x20000118                rxIndex
 .bss.packetReceivedFlag
                0x20000119        0x1 CMakeFiles/UART_CAR.dir/Core/Src/main.c.obj
                0x20000119                packetReceivedFlag
 *fill*         0x2000011a        0x2 
 .bss.__sbrk_heap_end
                0x2000011c        0x4 CMakeFiles/UART_CAR.dir/Core/Src/sysmem.c.obj
 .bss.log_uart  0x20000120        0x4 CMakeFiles/UART_CAR.dir/Core/Src/uart.c.obj
 .bss.__sf      0x20000124      0x138 /opt/st/stm32cubeclt_1.19.0/GNU-tools-for-STM32/bin/../lib/gcc/arm-none-eabi/13.3.1/../../../../arm-none-eabi/lib/thumb/v7e-m+fp/hard/libc_nano.a(libc_a-findfp.o)
                0x20000124                __sf
 .bss.errno     0x2000025c        0x4 /opt/st/stm32cubeclt_1.19.0/GNU-tools-for-STM32/bin/../lib/gcc/arm-none-eabi/13.3.1/../../../../arm-none-eabi/lib/thumb/v7e-m+fp/hard/libc_nano.a(libc_a-reent.o)
                0x2000025c                errno
 .bss.__lock___malloc_recursive_mutex
                0x20000260        0x1 /opt/st/stm32cubeclt_1.19.0/GNU-tools-for-STM32/bin/../lib/gcc/arm-none-eabi/13.3.1/../../../../arm-none-eabi/lib/thumb/v7e-m+fp/hard/libc_nano.a(libc_a-lock.o)
                0x20000260                __lock___malloc_recursive_mutex
 *fill*         0x20000261        0x3 
 .bss.__malloc_sbrk_start
                0x20000264        0x4 /opt/st/stm32cubeclt_1.19.0/GNU-tools-for-STM32/bin/../lib/gcc/arm-none-eabi/13.3.1/../../../../arm-none-eabi/lib/thumb/v7e-m+fp/hard/libc_nano.a(libc_a-mallocr.o)
                0x20000264                __malloc_sbrk_start
 .bss.__malloc_free_list
                0x20000268        0x4 /opt/st/stm32cubeclt_1.19.0/GNU-tools-for-STM32/bin/../lib/gcc/arm-none-eabi/13.3.1/../../../../arm-none-eabi/lib/thumb/v7e-m+fp/hard/libc_nano.a(libc_a-mallocr.o)
                0x20000268                __malloc_free_list
 *(COMMON)
                0x2000026c                        . = ALIGN (0x4)
                0x2000026c                        _ebss = .
                0x2000026c                        __bss_end__ = _ebss
                [!provide]                        PROVIDE (__bss_end = .)
                [!provide]                        PROVIDE (__non_tls_bss_start = ADDR (.bss))
                [!provide]                        PROVIDE (__bss_start = __tbss_start)
                [!provide]                        PROVIDE (__bss_size = (__bss_end - __bss_start))

._user_heap_stack
                0x2000026c      0x604 load address 0x08003c9c
                0x20000270                        . = ALIGN (0x8)
 *fill*         0x2000026c        0x4 
                [!provide]                        PROVIDE (end = .)
                0x20000270                        PROVIDE (_end = .)
                0x20000470                        . = (. + _Min_Heap_Size)
 *fill*         0x20000270      0x200 
                0x20000870                        . = (. + _Min_Stack_Size)
 *fill*         0x20000470      0x400 
                0x20000870                        . = ALIGN (0x8)

/DISCARD/
 libc.a:*(*)
 libm.a:*(*)
 libgcc.a:*(*)
OUTPUT(UART_CAR.elf elf32-littlearm)
LOAD linker stubs

.ARM.attributes
                0x00000000       0x30
 .ARM.attributes
                0x00000000       0x22 /opt/st/stm32cubeclt_1.19.0/GNU-tools-for-STM32/bin/../lib/gcc/arm-none-eabi/13.3.1/thumb/v7e-m+fp/hard/crti.o
 .ARM.attributes
                0x00000022       0x34 /opt/st/stm32cubeclt_1.19.0/GNU-tools-for-STM32/bin/../lib/gcc/arm-none-eabi/13.3.1/thumb/v7e-m+fp/hard/crtbegin.o
 .ARM.attributes
                0x00000056       0x34 cmake/stm32cubemx/CMakeFiles/STM32_Drivers.dir/__/__/Core/Src/system_stm32f4xx.c.obj
 .ARM.attributes
                0x0000008a       0x34 cmake/stm32cubemx/CMakeFiles/STM32_Drivers.dir/__/__/Drivers/STM32F4xx_HAL_Driver/Src/stm32f4xx_hal_uart.c.obj
 .ARM.attributes
                0x000000be       0x34 cmake/stm32cubemx/CMakeFiles/STM32_Drivers.dir/__/__/Drivers/STM32F4xx_HAL_Driver/Src/stm32f4xx_hal_rcc.c.obj
 .ARM.attributes
                0x000000f2       0x34 cmake/stm32cubemx/CMakeFiles/STM32_Drivers.dir/__/__/Drivers/STM32F4xx_HAL_Driver/Src/stm32f4xx_hal_gpio.c.obj
 .ARM.attributes
                0x00000126       0x34 cmake/stm32cubemx/CMakeFiles/STM32_Drivers.dir/__/__/Drivers/STM32F4xx_HAL_Driver/Src/stm32f4xx_hal_dma.c.obj
 .ARM.attributes
                0x0000015a       0x34 cmake/stm32cubemx/CMakeFiles/STM32_Drivers.dir/__/__/Drivers/STM32F4xx_HAL_Driver/Src/stm32f4xx_hal_cortex.c.obj
 .ARM.attributes
                0x0000018e       0x34 cmake/stm32cubemx/CMakeFiles/STM32_Drivers.dir/__/__/Drivers/STM32F4xx_HAL_Driver/Src/stm32f4xx_hal.c.obj
 .ARM.attributes
                0x000001c2       0x34 CMakeFiles/UART_CAR.dir/Core/Src/main.c.obj
 .ARM.attributes
                0x000001f6       0x34 CMakeFiles/UART_CAR.dir/Core/Src/stm32f4xx_it.c.obj
 .ARM.attributes
                0x0000022a       0x34 CMakeFiles/UART_CAR.dir/Core/Src/stm32f4xx_hal_msp.c.obj
 .ARM.attributes
                0x0000025e       0x34 CMakeFiles/UART_CAR.dir/Core/Src/sysmem.c.obj
 .ARM.attributes
                0x00000292       0x21 CMakeFiles/UART_CAR.dir/startup_stm32f401xc.s.obj
 .ARM.attributes
                0x000002b3       0x34 CMakeFiles/UART_CAR.dir/Core/Src/Packet.cpp.obj
 .ARM.attributes
                0x000002e7       0x34 CMakeFiles/UART_CAR.dir/Core/Src/CheckSum.c.obj
 .ARM.attributes
                0x0000031b       0x34 CMakeFiles/UART_CAR.dir/Core/Src/uart.c.obj
 .ARM.attributes
                0x0000034f       0x34 /opt/st/stm32cubeclt_1.19.0/GNU-tools-for-STM32/bin/../lib/gcc/arm-none-eabi/13.3.1/../../../../arm-none-eabi/lib/thumb/v7e-m+fp/hard/libc_nano.a(libc_a-findfp.o)
 .ARM.attributes
                0x00000383       0x34 /opt/st/stm32cubeclt_1.19.0/GNU-tools-for-STM32/bin/../lib/gcc/arm-none-eabi/13.3.1/../../../../arm-none-eabi/lib/thumb/v7e-m+fp/hard/libc_nano.a(libc_a-vsnprintf.o)
 .ARM.attributes
                0x000003b7       0x34 /opt/st/stm32cubeclt_1.19.0/GNU-tools-for-STM32/bin/../lib/gcc/arm-none-eabi/13.3.1/../../../../arm-none-eabi/lib/thumb/v7e-m+fp/hard/libc_nano.a(libc_a-memset.o)
 .ARM.attributes
                0x000003eb       0x34 /opt/st/stm32cubeclt_1.19.0/GNU-tools-for-STM32/bin/../lib/gcc/arm-none-eabi/13.3.1/../../../../arm-none-eabi/lib/thumb/v7e-m+fp/hard/libc_nano.a(libc_a-reent.o)
 .ARM.attributes
                0x0000041f       0x34 /opt/st/stm32cubeclt_1.19.0/GNU-tools-for-STM32/bin/../lib/gcc/arm-none-eabi/13.3.1/../../../../arm-none-eabi/lib/thumb/v7e-m+fp/hard/libc_nano.a(libc_a-impure.o)
 .ARM.attributes
                0x00000453       0x34 /opt/st/stm32cubeclt_1.19.0/GNU-tools-for-STM32/bin/../lib/gcc/arm-none-eabi/13.3.1/../../../../arm-none-eabi/lib/thumb/v7e-m+fp/hard/libc_nano.a(libc_a-errno.o)
 .ARM.attributes
                0x00000487       0x34 /opt/st/stm32cubeclt_1.19.0/GNU-tools-for-STM32/bin/../lib/gcc/arm-none-eabi/13.3.1/../../../../arm-none-eabi/lib/thumb/v7e-m+fp/hard/libc_nano.a(libc_a-init.o)
 .ARM.attributes
                0x000004bb       0x34 /opt/st/stm32cubeclt_1.19.0/GNU-tools-for-STM32/bin/../lib/gcc/arm-none-eabi/13.3.1/../../../../arm-none-eabi/lib/thumb/v7e-m+fp/hard/libc_nano.a(libc_a-lock.o)
 .ARM.attributes
                0x000004ef       0x17 /opt/st/stm32cubeclt_1.19.0/GNU-tools-for-STM32/bin/../lib/gcc/arm-none-eabi/13.3.1/../../../../arm-none-eabi/lib/thumb/v7e-m+fp/hard/libc_nano.a(libc_a-strlen.o)
 .ARM.attributes
                0x00000506       0x34 /opt/st/stm32cubeclt_1.19.0/GNU-tools-for-STM32/bin/../lib/gcc/arm-none-eabi/13.3.1/../../../../arm-none-eabi/lib/thumb/v7e-m+fp/hard/libc_nano.a(libc_a-freer.o)
 .ARM.attributes
                0x0000053a       0x34 /opt/st/stm32cubeclt_1.19.0/GNU-tools-for-STM32/bin/../lib/gcc/arm-none-eabi/13.3.1/../../../../arm-none-eabi/lib/thumb/v7e-m+fp/hard/libc_nano.a(libc_a-mallocr.o)
 .ARM.attributes
                0x0000056e       0x34 /opt/st/stm32cubeclt_1.19.0/GNU-tools-for-STM32/bin/../lib/gcc/arm-none-eabi/13.3.1/../../../../arm-none-eabi/lib/thumb/v7e-m+fp/hard/libc_nano.a(libc_a-mlock.o)
 .ARM.attributes
                0x000005a2       0x34 /opt/st/stm32cubeclt_1.19.0/GNU-tools-for-STM32/bin/../lib/gcc/arm-none-eabi/13.3.1/../../../../arm-none-eabi/lib/thumb/v7e-m+fp/hard/libc_nano.a(libc_a-nano-svfprintf.o)
 .ARM.attributes
                0x000005d6       0x34 /opt/st/stm32cubeclt_1.19.0/GNU-tools-for-STM32/bin/../lib/gcc/arm-none-eabi/13.3.1/../../../../arm-none-eabi/lib/thumb/v7e-m+fp/hard/libc_nano.a(libc_a-nano-vfprintf_i.o)
 .ARM.attributes
                0x0000060a       0x34 /opt/st/stm32cubeclt_1.19.0/GNU-tools-for-STM32/bin/../lib/gcc/arm-none-eabi/13.3.1/../../../../arm-none-eabi/lib/thumb/v7e-m+fp/hard/libc_nano.a(libc_a-memmove.o)
 .ARM.attributes
                0x0000063e       0x34 /opt/st/stm32cubeclt_1.19.0/GNU-tools-for-STM32/bin/../lib/gcc/arm-none-eabi/13.3.1/../../../../arm-none-eabi/lib/thumb/v7e-m+fp/hard/libc_nano.a(libc_a-sbrkr.o)
 .ARM.attributes
                0x00000672       0x1c /opt/st/stm32cubeclt_1.19.0/GNU-tools-for-STM32/bin/../lib/gcc/arm-none-eabi/13.3.1/../../../../arm-none-eabi/lib/thumb/v7e-m+fp/hard/libc_nano.a(libc_a-memchr.o)
 .ARM.attributes
                0x0000068e       0x34 /opt/st/stm32cubeclt_1.19.0/GNU-tools-for-STM32/bin/../lib/gcc/arm-none-eabi/13.3.1/../../../../arm-none-eabi/lib/thumb/v7e-m+fp/hard/libc_nano.a(libc_a-memcpy-stub.o)
 .ARM.attributes
                0x000006c2       0x34 /opt/st/stm32cubeclt_1.19.0/GNU-tools-for-STM32/bin/../lib/gcc/arm-none-eabi/13.3.1/../../../../arm-none-eabi/lib/thumb/v7e-m+fp/hard/libc_nano.a(libc_a-reallocr.o)
 .ARM.attributes
                0x000006f6       0x34 /opt/st/stm32cubeclt_1.19.0/GNU-tools-for-STM32/bin/../lib/gcc/arm-none-eabi/13.3.1/../../../../arm-none-eabi/lib/thumb/v7e-m+fp/hard/libc_nano.a(libc_a-msizer.o)
 .ARM.attributes
                0x0000072a       0x22 /opt/st/stm32cubeclt_1.19.0/GNU-tools-for-STM32/bin/../lib/gcc/arm-none-eabi/13.3.1/thumb/v7e-m+fp/hard/libgcc.a(_aeabi_uldivmod.o)
 .ARM.attributes
                0x0000074c       0x34 /opt/st/stm32cubeclt_1.19.0/GNU-tools-for-STM32/bin/../lib/gcc/arm-none-eabi/13.3.1/thumb/v7e-m+fp/hard/libgcc.a(_udivmoddi4.o)
 .ARM.attributes
                0x00000780       0x22 /opt/st/stm32cubeclt_1.19.0/GNU-tools-for-STM32/bin/../lib/gcc/arm-none-eabi/13.3.1/thumb/v7e-m+fp/hard/libgcc.a(_dvmd_tls.o)
 .ARM.attributes
                0x000007a2       0x22 /opt/st/stm32cubeclt_1.19.0/GNU-tools-for-STM32/bin/../lib/gcc/arm-none-eabi/13.3.1/thumb/v7e-m+fp/hard/crtn.o

.comment        0x00000000       0x43
 .comment       0x00000000       0x43 cmake/stm32cubemx/CMakeFiles/STM32_Drivers.dir/__/__/Core/Src/system_stm32f4xx.c.obj
                                 0x44 (size before relaxing)
 .comment       0x00000043       0x44 cmake/stm32cubemx/CMakeFiles/STM32_Drivers.dir/__/__/Drivers/STM32F4xx_HAL_Driver/Src/stm32f4xx_hal_uart.c.obj
 .comment       0x00000043       0x44 cmake/stm32cubemx/CMakeFiles/STM32_Drivers.dir/__/__/Drivers/STM32F4xx_HAL_Driver/Src/stm32f4xx_hal_rcc.c.obj
 .comment       0x00000043       0x44 cmake/stm32cubemx/CMakeFiles/STM32_Drivers.dir/__/__/Drivers/STM32F4xx_HAL_Driver/Src/stm32f4xx_hal_gpio.c.obj
 .comment       0x00000043       0x44 cmake/stm32cubemx/CMakeFiles/STM32_Drivers.dir/__/__/Drivers/STM32F4xx_HAL_Driver/Src/stm32f4xx_hal_dma.c.obj
 .comment       0x00000043       0x44 cmake/stm32cubemx/CMakeFiles/STM32_Drivers.dir/__/__/Drivers/STM32F4xx_HAL_Driver/Src/stm32f4xx_hal_cortex.c.obj
 .comment       0x00000043       0x44 cmake/stm32cubemx/CMakeFiles/STM32_Drivers.dir/__/__/Drivers/STM32F4xx_HAL_Driver/Src/stm32f4xx_hal.c.obj
 .comment       0x00000043       0x44 CMakeFiles/UART_CAR.dir/Core/Src/main.c.obj
 .comment       0x00000043       0x44 CMakeFiles/UART_CAR.dir/Core/Src/stm32f4xx_it.c.obj
 .comment       0x00000043       0x44 CMakeFiles/UART_CAR.dir/Core/Src/stm32f4xx_hal_msp.c.obj
 .comment       0x00000043       0x44 CMakeFiles/UART_CAR.dir/Core/Src/sysmem.c.obj
 .comment       0x00000043       0x44 CMakeFiles/UART_CAR.dir/Core/Src/Packet.cpp.obj
 .comment       0x00000043       0x44 CMakeFiles/UART_CAR.dir/Core/Src/CheckSum.c.obj
 .comment       0x00000043       0x44 CMakeFiles/UART_CAR.dir/Core/Src/uart.c.obj

.debug_info     0x00000000     0xb1ef
 .debug_info    0x00000000      0x53e cmake/stm32cubemx/CMakeFiles/STM32_Drivers.dir/__/__/Core/Src/system_stm32f4xx.c.obj
 .debug_info    0x0000053e     0x2f56 cmake/stm32cubemx/CMakeFiles/STM32_Drivers.dir/__/__/Drivers/STM32F4xx_HAL_Driver/Src/stm32f4xx_hal_uart.c.obj
 .debug_info    0x00003494      0x905 cmake/stm32cubemx/CMakeFiles/STM32_Drivers.dir/__/__/Drivers/STM32F4xx_HAL_Driver/Src/stm32f4xx_hal_rcc.c.obj
 .debug_info    0x00003d99      0x6f9 cmake/stm32cubemx/CMakeFiles/STM32_Drivers.dir/__/__/Drivers/STM32F4xx_HAL_Driver/Src/stm32f4xx_hal_gpio.c.obj
 .debug_info    0x00004492      0x8e6 cmake/stm32cubemx/CMakeFiles/STM32_Drivers.dir/__/__/Drivers/STM32F4xx_HAL_Driver/Src/stm32f4xx_hal_dma.c.obj
 .debug_info    0x00004d78      0xcf6 cmake/stm32cubemx/CMakeFiles/STM32_Drivers.dir/__/__/Drivers/STM32F4xx_HAL_Driver/Src/stm32f4xx_hal_cortex.c.obj
 .debug_info    0x00005a6e      0x8bb cmake/stm32cubemx/CMakeFiles/STM32_Drivers.dir/__/__/Drivers/STM32F4xx_HAL_Driver/Src/stm32f4xx_hal.c.obj
 .debug_info    0x00006329      0xde8 CMakeFiles/UART_CAR.dir/Core/Src/main.c.obj
 .debug_info    0x00007111      0x640 CMakeFiles/UART_CAR.dir/Core/Src/stm32f4xx_it.c.obj
 .debug_info    0x00007751      0xb2b CMakeFiles/UART_CAR.dir/Core/Src/stm32f4xx_hal_msp.c.obj
 .debug_info    0x0000827c      0x168 CMakeFiles/UART_CAR.dir/Core/Src/sysmem.c.obj
 .debug_info    0x000083e4       0x30 CMakeFiles/UART_CAR.dir/startup_stm32f401xc.s.obj
 .debug_info    0x00008414     0x29ef CMakeFiles/UART_CAR.dir/Core/Src/Packet.cpp.obj
 .debug_info    0x0000ae03      0x1ca CMakeFiles/UART_CAR.dir/Core/Src/CheckSum.c.obj
 .debug_info    0x0000afcd      0x222 CMakeFiles/UART_CAR.dir/Core/Src/uart.c.obj

.debug_abbrev   0x00000000     0x1f49
 .debug_abbrev  0x00000000      0x11a cmake/stm32cubemx/CMakeFiles/STM32_Drivers.dir/__/__/Core/Src/system_stm32f4xx.c.obj
 .debug_abbrev  0x0000011a      0x31b cmake/stm32cubemx/CMakeFiles/STM32_Drivers.dir/__/__/Drivers/STM32F4xx_HAL_Driver/Src/stm32f4xx_hal_uart.c.obj
 .debug_abbrev  0x00000435      0x2b6 cmake/stm32cubemx/CMakeFiles/STM32_Drivers.dir/__/__/Drivers/STM32F4xx_HAL_Driver/Src/stm32f4xx_hal_rcc.c.obj
 .debug_abbrev  0x000006eb      0x1d3 cmake/stm32cubemx/CMakeFiles/STM32_Drivers.dir/__/__/Drivers/STM32F4xx_HAL_Driver/Src/stm32f4xx_hal_gpio.c.obj
 .debug_abbrev  0x000008be      0x221 cmake/stm32cubemx/CMakeFiles/STM32_Drivers.dir/__/__/Drivers/STM32F4xx_HAL_Driver/Src/stm32f4xx_hal_dma.c.obj
 .debug_abbrev  0x00000adf      0x31d cmake/stm32cubemx/CMakeFiles/STM32_Drivers.dir/__/__/Drivers/STM32F4xx_HAL_Driver/Src/stm32f4xx_hal_cortex.c.obj
 .debug_abbrev  0x00000dfc      0x24b cmake/stm32cubemx/CMakeFiles/STM32_Drivers.dir/__/__/Drivers/STM32F4xx_HAL_Driver/Src/stm32f4xx_hal.c.obj
 .debug_abbrev  0x00001047      0x2e4 CMakeFiles/UART_CAR.dir/Core/Src/main.c.obj
 .debug_abbrev  0x0000132b      0x182 CMakeFiles/UART_CAR.dir/Core/Src/stm32f4xx_it.c.obj
 .debug_abbrev  0x000014ad      0x1cb CMakeFiles/UART_CAR.dir/Core/Src/stm32f4xx_hal_msp.c.obj
 .debug_abbrev  0x00001678       0xbc CMakeFiles/UART_CAR.dir/Core/Src/sysmem.c.obj
 .debug_abbrev  0x00001734       0x24 CMakeFiles/UART_CAR.dir/startup_stm32f401xc.s.obj
 .debug_abbrev  0x00001758      0x5a1 CMakeFiles/UART_CAR.dir/Core/Src/Packet.cpp.obj
 .debug_abbrev  0x00001cf9       0xf8 CMakeFiles/UART_CAR.dir/Core/Src/CheckSum.c.obj
 .debug_abbrev  0x00001df1      0x158 CMakeFiles/UART_CAR.dir/Core/Src/uart.c.obj

.debug_aranges  0x00000000      0x790
 .debug_aranges
                0x00000000       0x28 cmake/stm32cubemx/CMakeFiles/STM32_Drivers.dir/__/__/Core/Src/system_stm32f4xx.c.obj
 .debug_aranges
                0x00000028      0x208 cmake/stm32cubemx/CMakeFiles/STM32_Drivers.dir/__/__/Drivers/STM32F4xx_HAL_Driver/Src/stm32f4xx_hal_uart.c.obj
 .debug_aranges
                0x00000230       0x88 cmake/stm32cubemx/CMakeFiles/STM32_Drivers.dir/__/__/Drivers/STM32F4xx_HAL_Driver/Src/stm32f4xx_hal_rcc.c.obj
 .debug_aranges
                0x000002b8       0x58 cmake/stm32cubemx/CMakeFiles/STM32_Drivers.dir/__/__/Drivers/STM32F4xx_HAL_Driver/Src/stm32f4xx_hal_gpio.c.obj
 .debug_aranges
                0x00000310       0x90 cmake/stm32cubemx/CMakeFiles/STM32_Drivers.dir/__/__/Drivers/STM32F4xx_HAL_Driver/Src/stm32f4xx_hal_dma.c.obj
 .debug_aranges
                0x000003a0      0x130 cmake/stm32cubemx/CMakeFiles/STM32_Drivers.dir/__/__/Drivers/STM32F4xx_HAL_Driver/Src/stm32f4xx_hal_cortex.c.obj
 .debug_aranges
                0x000004d0       0xf0 cmake/stm32cubemx/CMakeFiles/STM32_Drivers.dir/__/__/Drivers/STM32F4xx_HAL_Driver/Src/stm32f4xx_hal.c.obj
 .debug_aranges
                0x000005c0       0x60 CMakeFiles/UART_CAR.dir/Core/Src/main.c.obj
 .debug_aranges
                0x00000620       0x68 CMakeFiles/UART_CAR.dir/Core/Src/stm32f4xx_it.c.obj
 .debug_aranges
                0x00000688       0x30 CMakeFiles/UART_CAR.dir/Core/Src/stm32f4xx_hal_msp.c.obj
 .debug_aranges
                0x000006b8       0x20 CMakeFiles/UART_CAR.dir/Core/Src/sysmem.c.obj
 .debug_aranges
                0x000006d8       0x28 CMakeFiles/UART_CAR.dir/startup_stm32f401xc.s.obj
 .debug_aranges
                0x00000700       0x38 CMakeFiles/UART_CAR.dir/Core/Src/Packet.cpp.obj
 .debug_aranges
                0x00000738       0x28 CMakeFiles/UART_CAR.dir/Core/Src/CheckSum.c.obj
 .debug_aranges
                0x00000760       0x30 CMakeFiles/UART_CAR.dir/Core/Src/uart.c.obj

.debug_rnglists
                0x00000000      0x5b4
 .debug_rnglists
                0x00000000       0x1a cmake/stm32cubemx/CMakeFiles/STM32_Drivers.dir/__/__/Core/Src/system_stm32f4xx.c.obj
 .debug_rnglists
                0x0000001a      0x1bc cmake/stm32cubemx/CMakeFiles/STM32_Drivers.dir/__/__/Drivers/STM32F4xx_HAL_Driver/Src/stm32f4xx_hal_uart.c.obj
 .debug_rnglists
                0x000001d6       0x66 cmake/stm32cubemx/CMakeFiles/STM32_Drivers.dir/__/__/Drivers/STM32F4xx_HAL_Driver/Src/stm32f4xx_hal_rcc.c.obj
 .debug_rnglists
                0x0000023c       0x3f cmake/stm32cubemx/CMakeFiles/STM32_Drivers.dir/__/__/Drivers/STM32F4xx_HAL_Driver/Src/stm32f4xx_hal_gpio.c.obj
 .debug_rnglists
                0x0000027b       0x70 cmake/stm32cubemx/CMakeFiles/STM32_Drivers.dir/__/__/Drivers/STM32F4xx_HAL_Driver/Src/stm32f4xx_hal_dma.c.obj
 .debug_rnglists
                0x000002eb       0xe0 cmake/stm32cubemx/CMakeFiles/STM32_Drivers.dir/__/__/Drivers/STM32F4xx_HAL_Driver/Src/stm32f4xx_hal_cortex.c.obj
 .debug_rnglists
                0x000003cb       0xaf cmake/stm32cubemx/CMakeFiles/STM32_Drivers.dir/__/__/Drivers/STM32F4xx_HAL_Driver/Src/stm32f4xx_hal.c.obj
 .debug_rnglists
                0x0000047a       0x46 CMakeFiles/UART_CAR.dir/Core/Src/main.c.obj
 .debug_rnglists
                0x000004c0       0x49 CMakeFiles/UART_CAR.dir/Core/Src/stm32f4xx_it.c.obj
 .debug_rnglists
                0x00000509       0x20 CMakeFiles/UART_CAR.dir/Core/Src/stm32f4xx_hal_msp.c.obj
 .debug_rnglists
                0x00000529       0x13 CMakeFiles/UART_CAR.dir/Core/Src/sysmem.c.obj
 .debug_rnglists
                0x0000053c       0x19 CMakeFiles/UART_CAR.dir/startup_stm32f401xc.s.obj
 .debug_rnglists
                0x00000555       0x27 CMakeFiles/UART_CAR.dir/Core/Src/Packet.cpp.obj
 .debug_rnglists
                0x0000057c       0x19 CMakeFiles/UART_CAR.dir/Core/Src/CheckSum.c.obj
 .debug_rnglists
                0x00000595       0x1f CMakeFiles/UART_CAR.dir/Core/Src/uart.c.obj

.debug_macro    0x00000000    0x1867d
 .debug_macro   0x00000000      0x1ba cmake/stm32cubemx/CMakeFiles/STM32_Drivers.dir/__/__/Core/Src/system_stm32f4xx.c.obj
 .debug_macro   0x000001ba      0xad8 cmake/stm32cubemx/CMakeFiles/STM32_Drivers.dir/__/__/Core/Src/system_stm32f4xx.c.obj
 .debug_macro   0x00000c92       0x2e cmake/stm32cubemx/CMakeFiles/STM32_Drivers.dir/__/__/Core/Src/system_stm32f4xx.c.obj
 .debug_macro   0x00000cc0       0x28 cmake/stm32cubemx/CMakeFiles/STM32_Drivers.dir/__/__/Core/Src/system_stm32f4xx.c.obj
 .debug_macro   0x00000ce8       0x22 cmake/stm32cubemx/CMakeFiles/STM32_Drivers.dir/__/__/Core/Src/system_stm32f4xx.c.obj
 .debug_macro   0x00000d0a       0x8e cmake/stm32cubemx/CMakeFiles/STM32_Drivers.dir/__/__/Core/Src/system_stm32f4xx.c.obj
 .debug_macro   0x00000d98       0x51 cmake/stm32cubemx/CMakeFiles/STM32_Drivers.dir/__/__/Core/Src/system_stm32f4xx.c.obj
 .debug_macro   0x00000de9      0x103 cmake/stm32cubemx/CMakeFiles/STM32_Drivers.dir/__/__/Core/Src/system_stm32f4xx.c.obj
 .debug_macro   0x00000eec       0x6a cmake/stm32cubemx/CMakeFiles/STM32_Drivers.dir/__/__/Core/Src/system_stm32f4xx.c.obj
 .debug_macro   0x00000f56      0x1df cmake/stm32cubemx/CMakeFiles/STM32_Drivers.dir/__/__/Core/Src/system_stm32f4xx.c.obj
 .debug_macro   0x00001135       0x1c cmake/stm32cubemx/CMakeFiles/STM32_Drivers.dir/__/__/Core/Src/system_stm32f4xx.c.obj
 .debug_macro   0x00001151       0x22 cmake/stm32cubemx/CMakeFiles/STM32_Drivers.dir/__/__/Core/Src/system_stm32f4xx.c.obj
 .debug_macro   0x00001173       0xfb cmake/stm32cubemx/CMakeFiles/STM32_Drivers.dir/__/__/Core/Src/system_stm32f4xx.c.obj
 .debug_macro   0x0000126e     0x1011 cmake/stm32cubemx/CMakeFiles/STM32_Drivers.dir/__/__/Core/Src/system_stm32f4xx.c.obj
 .debug_macro   0x0000227f      0x11f cmake/stm32cubemx/CMakeFiles/STM32_Drivers.dir/__/__/Core/Src/system_stm32f4xx.c.obj
 .debug_macro   0x0000239e     0xb881 cmake/stm32cubemx/CMakeFiles/STM32_Drivers.dir/__/__/Core/Src/system_stm32f4xx.c.obj
 .debug_macro   0x0000dc1f       0x6d cmake/stm32cubemx/CMakeFiles/STM32_Drivers.dir/__/__/Core/Src/system_stm32f4xx.c.obj
 .debug_macro   0x0000dc8c      0x295 cmake/stm32cubemx/CMakeFiles/STM32_Drivers.dir/__/__/Core/Src/system_stm32f4xx.c.obj
 .debug_macro   0x0000df21     0x3693 cmake/stm32cubemx/CMakeFiles/STM32_Drivers.dir/__/__/Core/Src/system_stm32f4xx.c.obj
 .debug_macro   0x000115b4      0x190 cmake/stm32cubemx/CMakeFiles/STM32_Drivers.dir/__/__/Core/Src/system_stm32f4xx.c.obj
 .debug_macro   0x00011744       0x5c cmake/stm32cubemx/CMakeFiles/STM32_Drivers.dir/__/__/Core/Src/system_stm32f4xx.c.obj
 .debug_macro   0x000117a0      0x416 cmake/stm32cubemx/CMakeFiles/STM32_Drivers.dir/__/__/Core/Src/system_stm32f4xx.c.obj
 .debug_macro   0x00011bb6      0x9e9 cmake/stm32cubemx/CMakeFiles/STM32_Drivers.dir/__/__/Core/Src/system_stm32f4xx.c.obj
 .debug_macro   0x0001259f      0x115 cmake/stm32cubemx/CMakeFiles/STM32_Drivers.dir/__/__/Core/Src/system_stm32f4xx.c.obj
 .debug_macro   0x000126b4       0xf8 cmake/stm32cubemx/CMakeFiles/STM32_Drivers.dir/__/__/Core/Src/system_stm32f4xx.c.obj
 .debug_macro   0x000127ac       0xa5 cmake/stm32cubemx/CMakeFiles/STM32_Drivers.dir/__/__/Core/Src/system_stm32f4xx.c.obj
 .debug_macro   0x00012851      0x15f cmake/stm32cubemx/CMakeFiles/STM32_Drivers.dir/__/__/Core/Src/system_stm32f4xx.c.obj
 .debug_macro   0x000129b0      0x287 cmake/stm32cubemx/CMakeFiles/STM32_Drivers.dir/__/__/Core/Src/system_stm32f4xx.c.obj
 .debug_macro   0x00012c37       0x5f cmake/stm32cubemx/CMakeFiles/STM32_Drivers.dir/__/__/Core/Src/system_stm32f4xx.c.obj
 .debug_macro   0x00012c96      0x236 cmake/stm32cubemx/CMakeFiles/STM32_Drivers.dir/__/__/Core/Src/system_stm32f4xx.c.obj
 .debug_macro   0x00012ecc      0x132 cmake/stm32cubemx/CMakeFiles/STM32_Drivers.dir/__/__/Core/Src/system_stm32f4xx.c.obj
 .debug_macro   0x00012ffe      0x23a cmake/stm32cubemx/CMakeFiles/STM32_Drivers.dir/__/__/Core/Src/system_stm32f4xx.c.obj
 .debug_macro   0x00013238       0x2e cmake/stm32cubemx/CMakeFiles/STM32_Drivers.dir/__/__/Core/Src/system_stm32f4xx.c.obj
 .debug_macro   0x00013266      0x127 cmake/stm32cubemx/CMakeFiles/STM32_Drivers.dir/__/__/Core/Src/system_stm32f4xx.c.obj
 .debug_macro   0x0001338d       0x85 cmake/stm32cubemx/CMakeFiles/STM32_Drivers.dir/__/__/Core/Src/system_stm32f4xx.c.obj
 .debug_macro   0x00013412       0x89 cmake/stm32cubemx/CMakeFiles/STM32_Drivers.dir/__/__/Core/Src/system_stm32f4xx.c.obj
 .debug_macro   0x0001349b      0x2aa cmake/stm32cubemx/CMakeFiles/STM32_Drivers.dir/__/__/Core/Src/system_stm32f4xx.c.obj
 .debug_macro   0x00013745      0x126 cmake/stm32cubemx/CMakeFiles/STM32_Drivers.dir/__/__/Core/Src/system_stm32f4xx.c.obj
 .debug_macro   0x0001386b      0x1bb cmake/stm32cubemx/CMakeFiles/STM32_Drivers.dir/__/__/Drivers/STM32F4xx_HAL_Driver/Src/stm32f4xx_hal_uart.c.obj
 .debug_macro   0x00013a26      0x1de cmake/stm32cubemx/CMakeFiles/STM32_Drivers.dir/__/__/Drivers/STM32F4xx_HAL_Driver/Src/stm32f4xx_hal_rcc.c.obj
 .debug_macro   0x00013c04      0x1c0 cmake/stm32cubemx/CMakeFiles/STM32_Drivers.dir/__/__/Drivers/STM32F4xx_HAL_Driver/Src/stm32f4xx_hal_gpio.c.obj
 .debug_macro   0x00013dc4      0x1c0 cmake/stm32cubemx/CMakeFiles/STM32_Drivers.dir/__/__/Drivers/STM32F4xx_HAL_Driver/Src/stm32f4xx_hal_dma.c.obj
 .debug_macro   0x00013f84      0x1ba cmake/stm32cubemx/CMakeFiles/STM32_Drivers.dir/__/__/Drivers/STM32F4xx_HAL_Driver/Src/stm32f4xx_hal_cortex.c.obj
 .debug_macro   0x0001413e      0x21a cmake/stm32cubemx/CMakeFiles/STM32_Drivers.dir/__/__/Drivers/STM32F4xx_HAL_Driver/Src/stm32f4xx_hal.c.obj
 .debug_macro   0x00014358      0x2a9 CMakeFiles/UART_CAR.dir/Core/Src/main.c.obj
 .debug_macro   0x00014601       0x74 CMakeFiles/UART_CAR.dir/Core/Src/main.c.obj
 .debug_macro   0x00014675       0x2a CMakeFiles/UART_CAR.dir/Core/Src/main.c.obj
 .debug_macro   0x0001469f       0x3c CMakeFiles/UART_CAR.dir/Core/Src/main.c.obj
 .debug_macro   0x000146db       0x34 CMakeFiles/UART_CAR.dir/Core/Src/main.c.obj
 .debug_macro   0x0001470f      0x370 CMakeFiles/UART_CAR.dir/Core/Src/main.c.obj
 .debug_macro   0x00014a7f       0x16 CMakeFiles/UART_CAR.dir/Core/Src/main.c.obj
 .debug_macro   0x00014a95       0x4a CMakeFiles/UART_CAR.dir/Core/Src/main.c.obj
 .debug_macro   0x00014adf       0x34 CMakeFiles/UART_CAR.dir/Core/Src/main.c.obj
 .debug_macro   0x00014b13       0x10 CMakeFiles/UART_CAR.dir/Core/Src/main.c.obj
 .debug_macro   0x00014b23       0x58 CMakeFiles/UART_CAR.dir/Core/Src/main.c.obj
 .debug_macro   0x00014b7b      0x1e5 CMakeFiles/UART_CAR.dir/Core/Src/main.c.obj
 .debug_macro   0x00014d60       0x10 CMakeFiles/UART_CAR.dir/Core/Src/main.c.obj
 .debug_macro   0x00014d70       0x3c CMakeFiles/UART_CAR.dir/Core/Src/main.c.obj
 .debug_macro   0x00014dac       0x20 CMakeFiles/UART_CAR.dir/Core/Src/main.c.obj
 .debug_macro   0x00014dcc       0x22 CMakeFiles/UART_CAR.dir/Core/Src/main.c.obj
 .debug_macro   0x00014dee       0x58 CMakeFiles/UART_CAR.dir/Core/Src/main.c.obj
 .debug_macro   0x00014e46      0x1ce CMakeFiles/UART_CAR.dir/Core/Src/stm32f4xx_it.c.obj
 .debug_macro   0x00015014      0x1c4 CMakeFiles/UART_CAR.dir/Core/Src/stm32f4xx_hal_msp.c.obj
 .debug_macro   0x000151d8      0x103 CMakeFiles/UART_CAR.dir/Core/Src/sysmem.c.obj
 .debug_macro   0x000152db       0x10 CMakeFiles/UART_CAR.dir/Core/Src/sysmem.c.obj
 .debug_macro   0x000152eb       0x6e CMakeFiles/UART_CAR.dir/Core/Src/sysmem.c.obj
 .debug_macro   0x00015359       0x94 CMakeFiles/UART_CAR.dir/Core/Src/sysmem.c.obj
 .debug_macro   0x000153ed       0x57 CMakeFiles/UART_CAR.dir/Core/Src/sysmem.c.obj
 .debug_macro   0x00015444      0x23c CMakeFiles/UART_CAR.dir/Core/Src/sysmem.c.obj
 .debug_macro   0x00015680      0x697 CMakeFiles/UART_CAR.dir/Core/Src/Packet.cpp.obj
 .debug_macro   0x00015d17      0xc1c CMakeFiles/UART_CAR.dir/Core/Src/Packet.cpp.obj
 .debug_macro   0x00016933      0x1f2 CMakeFiles/UART_CAR.dir/Core/Src/Packet.cpp.obj
 .debug_macro   0x00016b25       0x10 CMakeFiles/UART_CAR.dir/Core/Src/Packet.cpp.obj
 .debug_macro   0x00016b35       0xc8 CMakeFiles/UART_CAR.dir/Core/Src/Packet.cpp.obj
 .debug_macro   0x00016bfd      0x103 CMakeFiles/UART_CAR.dir/Core/Src/Packet.cpp.obj
 .debug_macro   0x00016d00      0x368 CMakeFiles/UART_CAR.dir/Core/Src/Packet.cpp.obj
 .debug_macro   0x00017068       0x1c CMakeFiles/UART_CAR.dir/Core/Src/Packet.cpp.obj
 .debug_macro   0x00017084       0x6a CMakeFiles/UART_CAR.dir/Core/Src/Packet.cpp.obj
 .debug_macro   0x000170ee       0x1c CMakeFiles/UART_CAR.dir/Core/Src/Packet.cpp.obj
 .debug_macro   0x0001710a       0x18 CMakeFiles/UART_CAR.dir/Core/Src/Packet.cpp.obj
 .debug_macro   0x00017122       0x4f CMakeFiles/UART_CAR.dir/Core/Src/Packet.cpp.obj
 .debug_macro   0x00017171       0x25 CMakeFiles/UART_CAR.dir/Core/Src/Packet.cpp.obj
 .debug_macro   0x00017196       0x18 CMakeFiles/UART_CAR.dir/Core/Src/Packet.cpp.obj
 .debug_macro   0x000171ae       0x27 CMakeFiles/UART_CAR.dir/Core/Src/Packet.cpp.obj
 .debug_macro   0x000171d5       0x28 CMakeFiles/UART_CAR.dir/Core/Src/Packet.cpp.obj
 .debug_macro   0x000171fd       0x2e CMakeFiles/UART_CAR.dir/Core/Src/Packet.cpp.obj
 .debug_macro   0x0001722b       0x1f CMakeFiles/UART_CAR.dir/Core/Src/Packet.cpp.obj
 .debug_macro   0x0001724a       0x88 CMakeFiles/UART_CAR.dir/Core/Src/Packet.cpp.obj
 .debug_macro   0x000172d2       0x19 CMakeFiles/UART_CAR.dir/Core/Src/Packet.cpp.obj
 .debug_macro   0x000172eb       0x11 CMakeFiles/UART_CAR.dir/Core/Src/Packet.cpp.obj
 .debug_macro   0x000172fc       0x28 CMakeFiles/UART_CAR.dir/Core/Src/Packet.cpp.obj
 .debug_macro   0x00017324      0x197 CMakeFiles/UART_CAR.dir/Core/Src/Packet.cpp.obj
 .debug_macro   0x000174bb       0x34 CMakeFiles/UART_CAR.dir/Core/Src/Packet.cpp.obj
 .debug_macro   0x000174ef      0x38c CMakeFiles/UART_CAR.dir/Core/Src/Packet.cpp.obj
 .debug_macro   0x0001787b       0x4a CMakeFiles/UART_CAR.dir/Core/Src/Packet.cpp.obj
 .debug_macro   0x000178c5       0x1c CMakeFiles/UART_CAR.dir/Core/Src/Packet.cpp.obj
 .debug_macro   0x000178e1       0x43 CMakeFiles/UART_CAR.dir/Core/Src/Packet.cpp.obj
 .debug_macro   0x00017924       0x10 CMakeFiles/UART_CAR.dir/Core/Src/Packet.cpp.obj
 .debug_macro   0x00017934       0x33 CMakeFiles/UART_CAR.dir/Core/Src/Packet.cpp.obj
 .debug_macro   0x00017967      0x173 CMakeFiles/UART_CAR.dir/Core/Src/Packet.cpp.obj
 .debug_macro   0x00017ada       0x10 CMakeFiles/UART_CAR.dir/Core/Src/Packet.cpp.obj
 .debug_macro   0x00017aea       0x18 CMakeFiles/UART_CAR.dir/Core/Src/Packet.cpp.obj
 .debug_macro   0x00017b02       0x11 CMakeFiles/UART_CAR.dir/Core/Src/Packet.cpp.obj
 .debug_macro   0x00017b13       0x11 CMakeFiles/UART_CAR.dir/Core/Src/Packet.cpp.obj
 .debug_macro   0x00017b24       0x3c CMakeFiles/UART_CAR.dir/Core/Src/Packet.cpp.obj
 .debug_macro   0x00017b60       0x5e CMakeFiles/UART_CAR.dir/Core/Src/Packet.cpp.obj
 .debug_macro   0x00017bbe       0x16 CMakeFiles/UART_CAR.dir/Core/Src/Packet.cpp.obj
 .debug_macro   0x00017bd4       0x52 CMakeFiles/UART_CAR.dir/Core/Src/Packet.cpp.obj
 .debug_macro   0x00017c26       0x5e CMakeFiles/UART_CAR.dir/Core/Src/Packet.cpp.obj
 .debug_macro   0x00017c84       0x11 CMakeFiles/UART_CAR.dir/Core/Src/Packet.cpp.obj
 .debug_macro   0x00017c95       0x2f CMakeFiles/UART_CAR.dir/Core/Src/Packet.cpp.obj
 .debug_macro   0x00017cc4       0x16 CMakeFiles/UART_CAR.dir/Core/Src/Packet.cpp.obj
 .debug_macro   0x00017cda       0x32 CMakeFiles/UART_CAR.dir/Core/Src/Packet.cpp.obj
 .debug_macro   0x00017d0c       0x11 CMakeFiles/UART_CAR.dir/Core/Src/Packet.cpp.obj
 .debug_macro   0x00017d1d       0x11 CMakeFiles/UART_CAR.dir/Core/Src/Packet.cpp.obj
 .debug_macro   0x00017d2e       0x1c CMakeFiles/UART_CAR.dir/Core/Src/Packet.cpp.obj
 .debug_macro   0x00017d4a       0x17 CMakeFiles/UART_CAR.dir/Core/Src/Packet.cpp.obj
 .debug_macro   0x00017d61       0x10 CMakeFiles/UART_CAR.dir/Core/Src/Packet.cpp.obj
 .debug_macro   0x00017d71       0x1c CMakeFiles/UART_CAR.dir/Core/Src/Packet.cpp.obj
 .debug_macro   0x00017d8d       0xde CMakeFiles/UART_CAR.dir/Core/Src/Packet.cpp.obj
 .debug_macro   0x00017e6b       0x16 CMakeFiles/UART_CAR.dir/Core/Src/Packet.cpp.obj
 .debug_macro   0x00017e81      0x131 CMakeFiles/UART_CAR.dir/Core/Src/Packet.cpp.obj
 .debug_macro   0x00017fb2      0x11d CMakeFiles/UART_CAR.dir/Core/Src/Packet.cpp.obj
 .debug_macro   0x000180cf       0x19 CMakeFiles/UART_CAR.dir/Core/Src/Packet.cpp.obj
 .debug_macro   0x000180e8       0x18 CMakeFiles/UART_CAR.dir/Core/Src/Packet.cpp.obj
 .debug_macro   0x00018100       0x1f CMakeFiles/UART_CAR.dir/Core/Src/Packet.cpp.obj
 .debug_macro   0x0001811f       0x17 CMakeFiles/UART_CAR.dir/Core/Src/Packet.cpp.obj
 .debug_macro   0x00018136       0x17 CMakeFiles/UART_CAR.dir/Core/Src/Packet.cpp.obj
 .debug_macro   0x0001814d       0x10 CMakeFiles/UART_CAR.dir/Core/Src/Packet.cpp.obj
 .debug_macro   0x0001815d       0x10 CMakeFiles/UART_CAR.dir/Core/Src/Packet.cpp.obj
 .debug_macro   0x0001816d       0x76 CMakeFiles/UART_CAR.dir/Core/Src/Packet.cpp.obj
 .debug_macro   0x000181e3       0x1c CMakeFiles/UART_CAR.dir/Core/Src/Packet.cpp.obj
 .debug_macro   0x000181ff       0x16 CMakeFiles/UART_CAR.dir/Core/Src/Packet.cpp.obj
 .debug_macro   0x00018215       0x8e CMakeFiles/UART_CAR.dir/Core/Src/Packet.cpp.obj
 .debug_macro   0x000182a3       0x93 CMakeFiles/UART_CAR.dir/Core/Src/CheckSum.c.obj
 .debug_macro   0x00018336      0x16b CMakeFiles/UART_CAR.dir/Core/Src/uart.c.obj
 .debug_macro   0x000184a1       0x16 CMakeFiles/UART_CAR.dir/Core/Src/uart.c.obj
 .debug_macro   0x000184b7       0x9e CMakeFiles/UART_CAR.dir/Core/Src/uart.c.obj
 .debug_macro   0x00018555      0x112 CMakeFiles/UART_CAR.dir/Core/Src/uart.c.obj
 .debug_macro   0x00018667       0x16 CMakeFiles/UART_CAR.dir/Core/Src/uart.c.obj

.debug_line     0x00000000     0x98dd
 .debug_line    0x00000000      0x71e cmake/stm32cubemx/CMakeFiles/STM32_Drivers.dir/__/__/Core/Src/system_stm32f4xx.c.obj
 .debug_line    0x0000071e     0x24e2 cmake/stm32cubemx/CMakeFiles/STM32_Drivers.dir/__/__/Drivers/STM32F4xx_HAL_Driver/Src/stm32f4xx_hal_uart.c.obj
 .debug_line    0x00002c00      0xda7 cmake/stm32cubemx/CMakeFiles/STM32_Drivers.dir/__/__/Drivers/STM32F4xx_HAL_Driver/Src/stm32f4xx_hal_rcc.c.obj
 .debug_line    0x000039a7      0xab6 cmake/stm32cubemx/CMakeFiles/STM32_Drivers.dir/__/__/Drivers/STM32F4xx_HAL_Driver/Src/stm32f4xx_hal_gpio.c.obj
 .debug_line    0x0000445d      0xf06 cmake/stm32cubemx/CMakeFiles/STM32_Drivers.dir/__/__/Drivers/STM32F4xx_HAL_Driver/Src/stm32f4xx_hal_dma.c.obj
 .debug_line    0x00005363      0xc6a cmake/stm32cubemx/CMakeFiles/STM32_Drivers.dir/__/__/Drivers/STM32F4xx_HAL_Driver/Src/stm32f4xx_hal_cortex.c.obj
 .debug_line    0x00005fcd      0x99a cmake/stm32cubemx/CMakeFiles/STM32_Drivers.dir/__/__/Drivers/STM32F4xx_HAL_Driver/Src/stm32f4xx_hal.c.obj
 .debug_line    0x00006967      0x970 CMakeFiles/UART_CAR.dir/Core/Src/main.c.obj
 .debug_line    0x000072d7      0x757 CMakeFiles/UART_CAR.dir/Core/Src/stm32f4xx_it.c.obj
 .debug_line    0x00007a2e      0x712 CMakeFiles/UART_CAR.dir/Core/Src/stm32f4xx_hal_msp.c.obj
 .debug_line    0x00008140      0x2d2 CMakeFiles/UART_CAR.dir/Core/Src/sysmem.c.obj
 .debug_line    0x00008412       0x7a CMakeFiles/UART_CAR.dir/startup_stm32f401xc.s.obj
 .debug_line    0x0000848c      0xdf3 CMakeFiles/UART_CAR.dir/Core/Src/Packet.cpp.obj
 .debug_line    0x0000927f      0x2d6 CMakeFiles/UART_CAR.dir/Core/Src/CheckSum.c.obj
 .debug_line    0x00009555      0x388 CMakeFiles/UART_CAR.dir/Core/Src/uart.c.obj

.debug_str      0x00000000    0x8bb06
 .debug_str     0x00000000    0x8bb06 cmake/stm32cubemx/CMakeFiles/STM32_Drivers.dir/__/__/Core/Src/system_stm32f4xx.c.obj
                              0x7f4de (size before relaxing)
 .debug_str     0x0008bb06    0x7fee1 cmake/stm32cubemx/CMakeFiles/STM32_Drivers.dir/__/__/Drivers/STM32F4xx_HAL_Driver/Src/stm32f4xx_hal_uart.c.obj
 .debug_str     0x0008bb06    0x7f912 cmake/stm32cubemx/CMakeFiles/STM32_Drivers.dir/__/__/Drivers/STM32F4xx_HAL_Driver/Src/stm32f4xx_hal_rcc.c.obj
 .debug_str     0x0008bb06    0x7f659 cmake/stm32cubemx/CMakeFiles/STM32_Drivers.dir/__/__/Drivers/STM32F4xx_HAL_Driver/Src/stm32f4xx_hal_gpio.c.obj
 .debug_str     0x0008bb06    0x7f8e6 cmake/stm32cubemx/CMakeFiles/STM32_Drivers.dir/__/__/Drivers/STM32F4xx_HAL_Driver/Src/stm32f4xx_hal_dma.c.obj
 .debug_str     0x0008bb06    0x7fc6a cmake/stm32cubemx/CMakeFiles/STM32_Drivers.dir/__/__/Drivers/STM32F4xx_HAL_Driver/Src/stm32f4xx_hal_cortex.c.obj
 .debug_str     0x0008bb06    0x7ff00 cmake/stm32cubemx/CMakeFiles/STM32_Drivers.dir/__/__/Drivers/STM32F4xx_HAL_Driver/Src/stm32f4xx_hal.c.obj
 .debug_str     0x0008bb06    0x829a6 CMakeFiles/UART_CAR.dir/Core/Src/main.c.obj
 .debug_str     0x0008bb06    0x7f852 CMakeFiles/UART_CAR.dir/Core/Src/stm32f4xx_it.c.obj
 .debug_str     0x0008bb06    0x7fd1f CMakeFiles/UART_CAR.dir/Core/Src/stm32f4xx_hal_msp.c.obj
 .debug_str     0x0008bb06     0x7162 CMakeFiles/UART_CAR.dir/Core/Src/sysmem.c.obj
 .debug_str     0x0008bb06       0xae CMakeFiles/UART_CAR.dir/startup_stm32f401xc.s.obj
 .debug_str     0x0008bb06     0xe3dd CMakeFiles/UART_CAR.dir/Core/Src/Packet.cpp.obj
 .debug_str     0x0008bb06     0x42e1 CMakeFiles/UART_CAR.dir/Core/Src/CheckSum.c.obj
 .debug_str     0x0008bb06     0x75b6 CMakeFiles/UART_CAR.dir/Core/Src/uart.c.obj

.debug_frame    0x00000000     0x2224
 .debug_frame   0x00000000       0x58 cmake/stm32cubemx/CMakeFiles/STM32_Drivers.dir/__/__/Core/Src/system_stm32f4xx.c.obj
 .debug_frame   0x00000058      0x954 cmake/stm32cubemx/CMakeFiles/STM32_Drivers.dir/__/__/Drivers/STM32F4xx_HAL_Driver/Src/stm32f4xx_hal_uart.c.obj
 .debug_frame   0x000009ac      0x1f4 cmake/stm32cubemx/CMakeFiles/STM32_Drivers.dir/__/__/Drivers/STM32F4xx_HAL_Driver/Src/stm32f4xx_hal_rcc.c.obj
 .debug_frame   0x00000ba0      0x14c cmake/stm32cubemx/CMakeFiles/STM32_Drivers.dir/__/__/Drivers/STM32F4xx_HAL_Driver/Src/stm32f4xx_hal_gpio.c.obj
 .debug_frame   0x00000cec      0x250 cmake/stm32cubemx/CMakeFiles/STM32_Drivers.dir/__/__/Drivers/STM32F4xx_HAL_Driver/Src/stm32f4xx_hal_dma.c.obj
 .debug_frame   0x00000f3c      0x508 cmake/stm32cubemx/CMakeFiles/STM32_Drivers.dir/__/__/Drivers/STM32F4xx_HAL_Driver/Src/stm32f4xx_hal_cortex.c.obj
 .debug_frame   0x00001444      0x374 cmake/stm32cubemx/CMakeFiles/STM32_Drivers.dir/__/__/Drivers/STM32F4xx_HAL_Driver/Src/stm32f4xx_hal.c.obj
 .debug_frame   0x000017b8      0x138 CMakeFiles/UART_CAR.dir/Core/Src/main.c.obj
 .debug_frame   0x000018f0      0x120 CMakeFiles/UART_CAR.dir/Core/Src/stm32f4xx_it.c.obj
 .debug_frame   0x00001a10       0x80 CMakeFiles/UART_CAR.dir/Core/Src/stm32f4xx_hal_msp.c.obj
 .debug_frame   0x00001a90       0x34 CMakeFiles/UART_CAR.dir/Core/Src/sysmem.c.obj
 .debug_frame   0x00001ac4       0xa8 CMakeFiles/UART_CAR.dir/Core/Src/Packet.cpp.obj
 .debug_frame   0x00001b6c       0x5c CMakeFiles/UART_CAR.dir/Core/Src/CheckSum.c.obj
 .debug_frame   0x00001bc8       0x98 CMakeFiles/UART_CAR.dir/Core/Src/uart.c.obj
 .debug_frame   0x00001c60      0x144 /opt/st/stm32cubeclt_1.19.0/GNU-tools-for-STM32/bin/../lib/gcc/arm-none-eabi/13.3.1/../../../../arm-none-eabi/lib/thumb/v7e-m+fp/hard/libc_nano.a(libc_a-findfp.o)
 .debug_frame   0x00001da4       0x4c /opt/st/stm32cubeclt_1.19.0/GNU-tools-for-STM32/bin/../lib/gcc/arm-none-eabi/13.3.1/../../../../arm-none-eabi/lib/thumb/v7e-m+fp/hard/libc_nano.a(libc_a-vsnprintf.o)
 .debug_frame   0x00001df0       0x20 /opt/st/stm32cubeclt_1.19.0/GNU-tools-for-STM32/bin/../lib/gcc/arm-none-eabi/13.3.1/../../../../arm-none-eabi/lib/thumb/v7e-m+fp/hard/libc_nano.a(libc_a-memset.o)
 .debug_frame   0x00001e10       0x38 /opt/st/stm32cubeclt_1.19.0/GNU-tools-for-STM32/bin/../lib/gcc/arm-none-eabi/13.3.1/../../../../arm-none-eabi/lib/thumb/v7e-m+fp/hard/libc_nano.a(libc_a-reent.o)
 .debug_frame   0x00001e48       0x20 /opt/st/stm32cubeclt_1.19.0/GNU-tools-for-STM32/bin/../lib/gcc/arm-none-eabi/13.3.1/../../../../arm-none-eabi/lib/thumb/v7e-m+fp/hard/libc_nano.a(libc_a-errno.o)
 .debug_frame   0x00001e68       0x2c /opt/st/stm32cubeclt_1.19.0/GNU-tools-for-STM32/bin/../lib/gcc/arm-none-eabi/13.3.1/../../../../arm-none-eabi/lib/thumb/v7e-m+fp/hard/libc_nano.a(libc_a-init.o)
 .debug_frame   0x00001e94       0xb0 /opt/st/stm32cubeclt_1.19.0/GNU-tools-for-STM32/bin/../lib/gcc/arm-none-eabi/13.3.1/../../../../arm-none-eabi/lib/thumb/v7e-m+fp/hard/libc_nano.a(libc_a-lock.o)
 .debug_frame   0x00001f44       0x38 /opt/st/stm32cubeclt_1.19.0/GNU-tools-for-STM32/bin/../lib/gcc/arm-none-eabi/13.3.1/../../../../arm-none-eabi/lib/thumb/v7e-m+fp/hard/libc_nano.a(libc_a-freer.o)
 .debug_frame   0x00001f7c       0x50 /opt/st/stm32cubeclt_1.19.0/GNU-tools-for-STM32/bin/../lib/gcc/arm-none-eabi/13.3.1/../../../../arm-none-eabi/lib/thumb/v7e-m+fp/hard/libc_nano.a(libc_a-mallocr.o)
 .debug_frame   0x00001fcc       0x30 /opt/st/stm32cubeclt_1.19.0/GNU-tools-for-STM32/bin/../lib/gcc/arm-none-eabi/13.3.1/../../../../arm-none-eabi/lib/thumb/v7e-m+fp/hard/libc_nano.a(libc_a-mlock.o)
 .debug_frame   0x00001ffc       0x90 /opt/st/stm32cubeclt_1.19.0/GNU-tools-for-STM32/bin/../lib/gcc/arm-none-eabi/13.3.1/../../../../arm-none-eabi/lib/thumb/v7e-m+fp/hard/libc_nano.a(libc_a-nano-svfprintf.o)
 .debug_frame   0x0000208c       0x60 /opt/st/stm32cubeclt_1.19.0/GNU-tools-for-STM32/bin/../lib/gcc/arm-none-eabi/13.3.1/../../../../arm-none-eabi/lib/thumb/v7e-m+fp/hard/libc_nano.a(libc_a-nano-vfprintf_i.o)
 .debug_frame   0x000020ec       0x28 /opt/st/stm32cubeclt_1.19.0/GNU-tools-for-STM32/bin/../lib/gcc/arm-none-eabi/13.3.1/../../../../arm-none-eabi/lib/thumb/v7e-m+fp/hard/libc_nano.a(libc_a-memmove.o)
 .debug_frame   0x00002114       0x2c /opt/st/stm32cubeclt_1.19.0/GNU-tools-for-STM32/bin/../lib/gcc/arm-none-eabi/13.3.1/../../../../arm-none-eabi/lib/thumb/v7e-m+fp/hard/libc_nano.a(libc_a-sbrkr.o)
 .debug_frame   0x00002140       0x28 /opt/st/stm32cubeclt_1.19.0/GNU-tools-for-STM32/bin/../lib/gcc/arm-none-eabi/13.3.1/../../../../arm-none-eabi/lib/thumb/v7e-m+fp/hard/libc_nano.a(libc_a-memcpy-stub.o)
 .debug_frame   0x00002168       0x3c /opt/st/stm32cubeclt_1.19.0/GNU-tools-for-STM32/bin/../lib/gcc/arm-none-eabi/13.3.1/../../../../arm-none-eabi/lib/thumb/v7e-m+fp/hard/libc_nano.a(libc_a-reallocr.o)
 .debug_frame   0x000021a4       0x20 /opt/st/stm32cubeclt_1.19.0/GNU-tools-for-STM32/bin/../lib/gcc/arm-none-eabi/13.3.1/../../../../arm-none-eabi/lib/thumb/v7e-m+fp/hard/libc_nano.a(libc_a-msizer.o)
 .debug_frame   0x000021c4       0x2c /opt/st/stm32cubeclt_1.19.0/GNU-tools-for-STM32/bin/../lib/gcc/arm-none-eabi/13.3.1/thumb/v7e-m+fp/hard/libgcc.a(_aeabi_uldivmod.o)
 .debug_frame   0x000021f0       0x34 /opt/st/stm32cubeclt_1.19.0/GNU-tools-for-STM32/bin/../lib/gcc/arm-none-eabi/13.3.1/thumb/v7e-m+fp/hard/libgcc.a(_udivmoddi4.o)

.debug_line_str
                0x00000000       0x92
 .debug_line_str
                0x00000000       0x92 CMakeFiles/UART_CAR.dir/startup_stm32f401xc.s.obj
